 PhysXCooking_64

 Timestamp is 5e7ccfb4 (Thu Mar 26 16:52:20 2020)

 Preferred load address is 0000000180000000

 Start         Length     Name                   Class
 0001:00000000 000003c0H .text$di                CODE
 0001:000003c0 0002d840H .text$mn                CODE
 0001:0002dc00 00000012H .text$mn$00             CODE
 0001:0002dc12 00000081H .text$x                 CODE
 0002:00000000 000001c8H .idata$5                DATA
 0002:000001c8 00000010H .00cfg                  DATA
 0002:000001d8 00000008H .CRT$XCA                DATA
 0002:000001e0 000001e0H .CRT$XCU                DATA
 0002:000003c0 00000008H .CRT$XCZ                DATA
 0002:000003c8 00000008H .CRT$XIA                DATA
 0002:000003d0 00000008H .CRT$XIZ                DATA
 0002:000003d8 00000008H .CRT$XPA                DATA
 0002:000003e0 00000008H .CRT$XPZ                DATA
 0002:000003e8 00000008H .CRT$XTA                DATA
 0002:000003f0 00000010H .CRT$XTZ                DATA
 0002:000003f8 00000000H .gfids$y                DATA
 0002:00000400 00002508H .rdata                  DATA
 0002:00002908 00000074H .rdata$r                DATA
 0002:0000297c 000003b4H .rdata$zzzdbg           DATA
 0002:00002d30 00000008H .rtc$IAA                DATA
 0002:00002d38 00000008H .rtc$IZZ                DATA
 0002:00002d40 00000008H .rtc$TAA                DATA
 0002:00002d48 00000008H .rtc$TZZ                DATA
 0002:00002d50 00003950H .xdata                  DATA
 0002:000066a0 00000040H .didat$2                DATA
 0002:000066e0 00000020H .didat$3                DATA
 0002:00006700 000001c0H .didat$4                DATA
 0002:000068c0 00000ac0H .didat$6                DATA
 0002:00007380 000001c0H .didat$7                DATA
 0002:00007540 00001d34H .edata                  DATA
 0002:00009274 00000078H .idata$2                DATA
 0002:000092ec 00000014H .idata$3                DATA
 0002:00009300 000001c8H .idata$4                DATA
 0002:000094c8 00000476H .idata$6                DATA
 0003:00000000 00000068H .data                   DATA
 0003:00000068 00000328H .data$r                 DATA
 0003:00000390 000001c0H .didat$5                DATA
 0003:00000550 00000490H .bss                    DATA
 0004:00000000 000022a4H .pdata                  DATA
 0005:00000000 00002208H _RDATA                  DATA
 0006:00000000 000000a0H .rsrc$01                DATA
 0006:000000a0 000004b0H .rsrc$02                DATA

  Address         Publics by Value              Rva+Base               Lib:Object

 0000:00000000       __guard_fids_table         0000000000000000     <absolute>
 0000:00000000       ___safe_se_handler_table   0000000000000000     <absolute>
 0000:00000000       __guard_longjmp_table      0000000000000000     <absolute>
 0000:00000000       ___safe_se_handler_count   0000000000000000     <absolute>
 0000:00000000       __volatile_metadata        0000000000000000     <absolute>
 0000:00000000       __enclave_config           0000000000000000     <absolute>
 0000:00000000       __hybrid_code_map          0000000000000000     <absolute>
 0000:00000000       __dynamic_value_reloc_table 0000000000000000     <absolute>
 0000:00000000       __hybrid_code_map_count    0000000000000000     <absolute>
 0000:00000000       __guard_fids_count         0000000000000000     <absolute>
 0000:00000000       __hybrid_auxiliary_iat     0000000000000000     <absolute>
 0000:00000000       __guard_iat_table          0000000000000000     <absolute>
 0000:00000000       __AbsoluteZero             0000000000000000     <absolute>
 0000:00000000       __guard_longjmp_count      0000000000000000     <absolute>
 0000:00000000       __guard_iat_count          0000000000000000     <absolute>
 0000:00000100       __guard_flags              0000000000000100     <absolute>
 0000:00000000       __ImageBase                0000000180000000     <linker-defined>
 0001:000003c0       ?ComputeNbBoundaryEdges@AdjTriangle@physx@@QEBAIXZ 00000001800013c0 f   Adjacencies.obj
 0001:00000410       ?ComputeNbNeighbors@AdjTriangle@physx@@QEBAIXZ 0000000180001410 f   Adjacencies.obj
 0001:00000460       ?HasNeighbor@AdjTriangle@physx@@QEBA_NIPEAI@Z 0000000180001460 f   Adjacencies.obj
 0001:000004d0       ?Flip@AdjTriangle@physx@@QEAAXXZ 00000001800014d0 f   Adjacencies.obj
 0001:000004f0       ??0Adjacencies@physx@@QEAA@XZ 00000001800014f0 f   Adjacencies.obj
 0001:00000510       ??1Adjacencies@physx@@QEAA@XZ 0000000180001510 f   Adjacencies.obj
 0001:00000580       ?Load@Adjacencies@physx@@QEAA_NAEAVPxInputStream@2@@Z 0000000180001580 f   Adjacencies.obj
 0001:00000660       ?ComputeNbBoundaryEdges@Adjacencies@physx@@QEBAIXZ 0000000180001660 f   Adjacencies.obj
 0001:000006e0       ?GetBoundaryVertices@Adjacencies@physx@@QEBA_NIPEA_NPEBU?$TriangleT@I@Gu@2@@Z 00000001800016e0 f   Adjacencies.obj
 0001:00000850       ?MakeLastRef@Adjacencies@physx@@QEAA_NAEAVAdjTriangle@2@IPEAU?$TriangleT@I@Gu@2@@Z 0000000180001850 f   Adjacencies.obj
 0001:00000aa0       ?AssignNewEdgeCode@Adjacencies@physx@@AEAAXIE@Z 0000000180001aa0 f   Adjacencies.obj
 0001:00000af0       ??0AdjacenciesBuilder@physx@@QEAA@XZ 0000000180001af0 f   Adjacencies.obj
 0001:00000b10       ??1AdjacenciesBuilder@physx@@QEAA@XZ 0000000180001b10 f   Adjacencies.obj
 0001:00000b20       ?Init@AdjacenciesBuilder@physx@@QEAA_NAEBUADJACENCIESCREATE@2@@Z 0000000180001b20 f   Adjacencies.obj
 0001:00000ea0       ??$?_UV?$ReflectionAllocator@VAdjTriangle@physx@@@shdfnd@physx@@@UserAllocated@shdfnd@physx@@SAPEAX_KV?$ReflectionAllocator@VAdjTriangle@physx@@@12@PEBDH@Z 0000000180001ea0 f i Adjacencies.obj
 0001:00000f40       ??0AdjEdge@@QEAA@XZ        0000000180001f40 f i Adjacencies.obj
 0001:00000f50       ??0AdjTriangle@physx@@QEAA@XZ 0000000180001f50 f i Adjacencies.obj
 0001:00000f60       ??0Allocator@shdfnd@physx@@QEAA@PEBD@Z 0000000180001f60 f i Adjacencies.obj
 0001:00000f70       ??0PxFoundation@physx@@QEAA@AEBV01@@Z 0000000180001f70 f i Adjacencies.obj
 0001:00000f80       ??0PxFoundation@physx@@QEAA@XZ 0000000180001f80 f i Adjacencies.obj
 0001:00000f90       ??1AdjEdge@@QEAA@XZ        0000000180001f90 f i Adjacencies.obj
 0001:00000fa0       ??1AdjTriangle@physx@@QEAA@XZ 0000000180001fa0 f i Adjacencies.obj
 0001:00000fb0       ??1PxFoundation@physx@@MEAA@XZ 0000000180001fb0 f i Adjacencies.obj
 0001:00000fc0       ??4Allocator@shdfnd@physx@@QEAAAEAV012@$$QEAV012@@Z 0000000180001fc0 f i Adjacencies.obj
 0001:00000fd0       ??4Allocator@shdfnd@physx@@QEAAAEAV012@AEBV012@@Z 0000000180001fd0 f i Adjacencies.obj
 0001:00000fe0       ??4MutexImpl@shdfnd@physx@@QEAAAEAV012@AEBV012@@Z 0000000180001fe0 f i Adjacencies.obj
 0001:00000ff0       ??4PxFoundation@physx@@QEAAAEAV01@AEBV01@@Z 0000000180001ff0 f i Adjacencies.obj
 0001:00001000       ??_EAdjEdge@@QEAAPEAXI@Z   0000000180002000 f i Adjacencies.obj
 0001:00001080       ??_EAdjTriangle@physx@@QEAAPEAXI@Z 0000000180002080 f i Adjacencies.obj
 0001:00001100       ??_EPxFoundation@physx@@MEAAPEAXI@Z 0000000180002100 f i Adjacencies.obj
 0001:00001190       ??_FAllocator@shdfnd@physx@@QEAAXXZ 0000000180002190 f i Adjacencies.obj
 0001:000011a0       ??_FNamedAllocator@shdfnd@physx@@QEAAXXZ 00000001800021a0 f i Adjacencies.obj
 0001:000011b0       ??_GPxFoundation@physx@@MEAAPEAXI@Z 00000001800021b0 f i Adjacencies.obj
 0001:000011e0       ??_H@YAXPEAX_K1P6APEAX0@Z@Z 00000001800021e0 f i Adjacencies.obj
 0001:00001230       ??_I@YAXPEAX_K1P6AX0@Z@Z   0000000180002230 f i Adjacencies.obj
 0001:000014f0       ?GetNbHits@RadixSort@Cm@physx@@QEBAIXZ 00000001800024f0 f i Adjacencies.obj
 0001:00001500       ?GetNbTotalCalls@RadixSort@Cm@physx@@QEBAIXZ 0000000180002500 f i Adjacencies.obj
 0001:00001510       ?GetRanks@RadixSort@Cm@physx@@QEBAPEBIXZ 0000000180002510 f i Adjacencies.obj
 0001:00001520       ?GetRecyclable@RadixSort@Cm@physx@@QEBAPEAIXZ 0000000180002520 f i Adjacencies.obj
 0001:00001770       ?__empty_global_delete@@YAXPEAX@Z 0000000180002770 f i Adjacencies.obj
 0001:00001780       ?__empty_global_delete@@YAXPEAX_K@Z 0000000180002780 f i Adjacencies.obj
 0001:00001790       ?getAllocator@Foundation@shdfnd@physx@@QEAAAEAVPxAllocatorCallback@3@XZ 0000000180002790 f i Adjacencies.obj
 0001:000017a0       ?getAllocatorCallback@Foundation@shdfnd@physx@@UEAAAEAVPxAllocatorCallback@3@XZ 00000001800027a0 f i Adjacencies.obj
 0001:000017b0       ?getErrorCallback@Foundation@shdfnd@physx@@UEAAAEAVPxErrorCallback@3@XZ 00000001800027b0 f i Adjacencies.obj
 0001:000017c0       ?getErrorLevel@Foundation@shdfnd@physx@@UEBA?AW4Enum@PxErrorCode@3@XZ 00000001800027c0 f i Adjacencies.obj
 0001:000017d0       ?getInternalErrorCallback@Foundation@shdfnd@physx@@QEAAAEAVPxErrorCallback@3@XZ 00000001800027d0 f i Adjacencies.obj
 0001:000017e0       ?getNamedAllocMap@Foundation@shdfnd@physx@@QEAAAEAV?$HashMap@PEBVNamedAllocator@shdfnd@physx@@PEBDU?$Hash@PEBVNamedAllocator@shdfnd@physx@@@23@VNonTrackingAllocator@23@@23@XZ 00000001800027e0 f i Adjacencies.obj
 0001:000017f0       ?getNamedAllocMutex@Foundation@shdfnd@physx@@QEAAAEAV?$MutexT@VAllocator@shdfnd@physx@@@23@XZ 00000001800027f0 f i Adjacencies.obj
 0001:00001800       ?getReportAllocationNames@Foundation@shdfnd@physx@@UEBA_NXZ 0000000180002800 f i Adjacencies.obj
 0001:00001810       ?getTempAllocFreeTable@Foundation@shdfnd@physx@@QEAAAEAV?$Array@PEATTempAllocatorChunk@shdfnd@physx@@VAllocator@23@@23@XZ 0000000180002810 f i Adjacencies.obj
 0001:00001820       ?getTempAllocMutex@Foundation@shdfnd@physx@@QEAAAEAV?$MutexT@VAllocator@shdfnd@physx@@@23@XZ 0000000180002820 f i Adjacencies.obj
 0001:00001830       ?invalidateRanks@RadixSort@Cm@physx@@QEAAXXZ 0000000180002830 f i Adjacencies.obj
 0001:00001840       ?setErrorLevel@Foundation@shdfnd@physx@@UEAAXW4Enum@PxErrorCode@3@@Z 0000000180002840 f i Adjacencies.obj
 0001:00001850       ?setReportAllocationNames@Foundation@shdfnd@physx@@UEAAX_N@Z 0000000180002850 f i Adjacencies.obj
 0001:00001860       PxCreateCooking            0000000180002860 f   Cooking.obj
 0001:00001950       ?release@Cooking@physx@@UEAAXXZ 0000000180002950 f   Cooking.obj
 0001:00001980       ?setParams@Cooking@physx@@UEAAXAEBUPxCookingParams@2@@Z 0000000180002980 f   Cooking.obj
 0001:000019e0       ?getParams@Cooking@physx@@UEBAAEBUPxCookingParams@2@XZ 00000001800029e0 f   Cooking.obj
 0001:000019f0       ?platformMismatch@Cooking@physx@@UEBA_NXZ 00000001800029f0 f   Cooking.obj
 0001:00001a00       ?cookTriangleMesh@Cooking@physx@@UEBA_NAEBVPxTriangleMeshDesc@2@AEAVPxOutputStream@2@PEAW4Enum@PxTriangleMeshCookingResult@2@@Z 0000000180002a00 f   Cooking.obj
 0001:00001b40       ?createTriangleMesh@Cooking@physx@@UEBAPEAVPxTriangleMesh@2@AEBVPxTriangleMeshDesc@2@AEAVPxPhysicsInsertionCallback@2@PEAW4Enum@PxTriangleMeshCookingResult@2@@Z 0000000180002b40 f   Cooking.obj
 0001:00001ca0       ?validateTriangleMesh@Cooking@physx@@UEBA_NAEBVPxTriangleMeshDesc@2@@Z 0000000180002ca0 f   Cooking.obj
 0001:00001db0       ?cookConvexMesh@Cooking@physx@@UEBA_NAEBVPxConvexMeshDesc@2@AEAVPxOutputStream@2@PEAW4Enum@PxConvexMeshCookingResult@2@@Z 0000000180002db0 f   Cooking.obj
 0001:00001fa0       ?createConvexMesh@Cooking@physx@@UEBAPEAVPxConvexMesh@2@AEBVPxConvexMeshDesc@2@AEAVPxPhysicsInsertionCallback@2@PEAW4Enum@PxConvexMeshCookingResult@2@@Z 0000000180002fa0 f   Cooking.obj
 0001:000021a0       ?validateConvexMesh@Cooking@physx@@UEBA_NAEBVPxConvexMeshDesc@2@@Z 00000001800031a0 f   Cooking.obj
 0001:00002210       ?computeHullPolygons@Cooking@physx@@UEBA_NAEBVPxSimpleTriangleMesh@2@AEAVPxAllocatorCallback@2@AEAIAEAPEAVPxVec3@2@2AEAPEAI2AEAPEAUPxHullPolygon@2@@Z 0000000180003210 f   Cooking.obj
 0001:000023f0       ?cookHeightField@Cooking@physx@@UEBA_NAEBVPxHeightFieldDesc@2@AEAVPxOutputStream@2@@Z 00000001800033f0 f   Cooking.obj
 0001:000024f0       ?createHeightField@Cooking@physx@@UEBAPEAVPxHeightField@2@AEBVPxHeightFieldDesc@2@AEAVPxPhysicsInsertionCallback@2@@Z 00000001800034f0 f   Cooking.obj
 0001:00002690       ?cookBVHStructure@Cooking@physx@@UEBA_NAEBVPxBVHStructureDesc@2@AEAVPxOutputStream@2@@Z 0000000180003690 f   Cooking.obj
 0001:00002770       ?createBVHStructure@Cooking@physx@@UEBAPEAVPxBVHStructure@2@AEBVPxBVHStructureDesc@2@AEAVPxPhysicsInsertionCallback@2@@Z 0000000180003770 f   Cooking.obj
 0001:00002850       ?cookConvexMeshInternal@Cooking@physx@@AEBA_NAEBVPxConvexMeshDesc@2@AEAVConvexMeshBuilder@2@PEAVConvexHullLib@2@PEAW4Enum@PxConvexMeshCookingResult@2@@Z 0000000180003850 f   Cooking.obj
 0001:00002b00       ?cookTriangleMesh@Cooking@physx@@AEBA_NAEAVTriangleMeshBuilder@2@AEBVPxTriangleMeshDesc@2@AEAVPxOutputStream@2@PEAW4Enum@PxTriangleMeshCookingResult@2@@Z 0000000180003b00 f   Cooking.obj
 0001:00002ba0       ?createTriangleMesh@Cooking@physx@@AEBAPEAVPxTriangleMesh@2@AEAVTriangleMeshBuilder@2@AEBVPxTriangleMeshDesc@2@AEAVPxPhysicsInsertionCallback@2@PEAW4Enum@PxTriangleMeshCookingResult@2@@Z 0000000180003ba0 f   Cooking.obj
 0001:00002c50       ??0DebugText@Cm@physx@@QEAA@$$QEAU012@@Z 0000000180003c50 f i Cooking.obj
 0001:00002d30       ??0DebugText@Cm@physx@@QEAA@AEBU012@@Z 0000000180003d30 f i Cooking.obj
 0001:00002e10       ??0HeightFieldData@Gu@physx@@QEAA@$$QEAU012@@Z 0000000180003e10 f i Cooking.obj
 0001:00002e70       ??0HeightFieldData@Gu@physx@@QEAA@AEBU012@@Z 0000000180003e70 f i Cooking.obj
 0001:00002ed0       ??0HeightFieldData@Gu@physx@@QEAA@W4PxEMPTY@2@@Z 0000000180003ed0 f i Cooking.obj
 0001:00002ee0       ??0HeightFieldData@Gu@physx@@QEAA@XZ 0000000180003ee0 f i Cooking.obj
 0001:00002ef0       ??0RenderOutput@Cm@physx@@QEAA@AEAVRenderBuffer@12@@Z 0000000180003ef0 f i Cooking.obj
 0001:00002f40       ??0RenderOutput@Cm@physx@@QEAA@AEBV012@@Z 0000000180003f40 f i Cooking.obj
 0001:00002fe0       ??1HeightFieldData@Gu@physx@@QEAA@XZ 0000000180003fe0 f i Cooking.obj
 0001:00002ff0       ??1PxBase@physx@@MEAA@XZ   0000000180003ff0 f i Cooking.obj
 0001:00003000       ??1PxConvexMesh@physx@@MEAA@XZ 0000000180004000 f i Cooking.obj
 0001:00003010       ??1PxCooking@physx@@MEAA@XZ 0000000180004010 f i Cooking.obj
 0001:00003020       ??1PxHeightField@physx@@MEAA@XZ 0000000180004020 f i Cooking.obj
 0001:00003030       ??4DebugText@Cm@physx@@QEAAAEAU012@$$QEAU012@@Z 0000000180004030 f i Cooking.obj
 0001:000030a0       ??4DebugText@Cm@physx@@QEAAAEAU012@AEBU012@@Z 00000001800040a0 f i Cooking.obj
 0001:00003110       ??4FPUGuard@shdfnd@physx@@QEAAAEAV012@AEBV012@@Z 0000000180004110 f i Cooking.obj
 0001:00003130       ??4HeightFieldData@Gu@physx@@QEAAAEAU012@$$QEAU012@@Z 0000000180004130 f i Cooking.obj
 0001:00003190       ??4HeightFieldData@Gu@physx@@QEAAAEAU012@AEBU012@@Z 0000000180004190 f i Cooking.obj
 0001:000031f0       ??_GCooking@physx@@UEAAPEAXI@Z 00000001800041f0 f i Cooking.obj
 0001:000031f0       ??_ECooking@physx@@UEAAPEAXI@Z 00000001800041f0 f i Cooking.obj
 0001:00003240       ??_GPxBase@physx@@MEAAPEAXI@Z 0000000180004240 f i Cooking.obj
 0001:00003240       ??_EPxBase@physx@@MEAAPEAXI@Z 0000000180004240 f i Cooking.obj
 0001:00003270       ??_EPxCooking@physx@@MEAAPEAXI@Z 0000000180004270 f i Cooking.obj
 0001:00003270       ??_GPxCooking@physx@@MEAAPEAXI@Z 0000000180004270 f i Cooking.obj
 0001:000032a0       ?copy@?$Array@UPxDebugLine@physx@@VNamedAllocator@shdfnd@2@@shdfnd@physx@@KAXPEAUPxDebugLine@3@0PEBU43@@Z 00000001800042a0 f i Cooking.obj
 0001:00003450       ?getConcreteTypeName@PxConvexMesh@physx@@UEBAPEBDXZ 0000000180004450 f i Cooking.obj
 0001:00003460       ?getConcreteTypeName@PxHeightField@physx@@UEBAPEBDXZ 0000000180004460 f i Cooking.obj
 0001:00003470       ?getConvexEdgeThreshold@HeightField@Gu@physx@@UEBAMXZ 0000000180004470 f i Cooking.obj
 0001:00003480       ?getFlags@HeightField@Gu@physx@@UEBA?AV?$PxFlags@W4Enum@PxHeightFieldFlag@physx@@G@3@XZ 0000000180004480 f i Cooking.obj
 0001:00003490       ?getFormat@HeightField@Gu@physx@@UEBA?AW4Enum@PxHeightFieldFormat@3@XZ 0000000180004490 f i Cooking.obj
 0001:000034a0       ?getHeight@HeightField@Gu@physx@@UEBAMMM@Z 00000001800044a0 f i Cooking.obj
 0001:000034e0       ?getHeightInternal2@HeightField@Gu@physx@@QEBAMIMM@Z 00000001800044e0 f i Cooking.obj
 0001:00003650       ?getIndexBuffer@ConvexMesh@Gu@physx@@UEBAPEBEXZ 0000000180004650 f i Cooking.obj
 0001:00003690       ?getNbColumns@HeightField@Gu@physx@@UEBAIXZ 0000000180004690 f i Cooking.obj
 0001:000036a0       ?getNbPolygons@ConvexMesh@Gu@physx@@UEBAIXZ 00000001800046a0 f i Cooking.obj
 0001:000036b0       ?getNbRows@HeightField@Gu@physx@@UEBAIXZ 00000001800046b0 f i Cooking.obj
 0001:000036c0       ?getNbVertices@ConvexMesh@Gu@physx@@UEBAIXZ 00000001800046c0 f i Cooking.obj
 0001:000036d0       ?getPaddedBounds@HeightFieldData@Gu@physx@@QEBAAEBVCenterExtentsPadded@23@XZ 00000001800046d0 f i Cooking.obj
 0001:000036e0       ?getSample@HeightField@Gu@physx@@UEBAAEBUPxHeightFieldSample@3@II@Z 00000001800046e0 f i Cooking.obj
 0001:000036f0       ?getSampleStride@HeightField@Gu@physx@@UEBAIXZ 00000001800046f0 f i Cooking.obj
 0001:00003700       ?getTimestamp@HeightField@Gu@physx@@UEBAIXZ 0000000180004700 f i Cooking.obj
 0001:00003710       ?getTriangleMaterialIndex@HeightField@Gu@physx@@UEBAGI@Z 0000000180004710 f i Cooking.obj
 0001:00003740       ?getTriangleNormal@HeightField@Gu@physx@@UEBA?AVPxVec3@3@I@Z 0000000180004740 f i Cooking.obj
 0001:00003840       ?getVertices@ConvexMesh@Gu@physx@@UEBAPEBVPxVec3@3@XZ 0000000180004840 f i Cooking.obj
 0001:00003860       ?isKindOf@PxBase@physx@@MEBA_NPEBD@Z 0000000180004860 f i Cooking.obj
 0001:00003890       ?isKindOf@PxConvexMesh@physx@@MEBA_NPEBD@Z 0000000180004890 f i Cooking.obj
 0001:000038e0       ?isKindOf@PxHeightField@physx@@MEBA_NPEBD@Z 00000001800048e0 f i Cooking.obj
 0001:00003930       ?isReleasable@PxBase@physx@@UEBA_NXZ 0000000180004930 f i Cooking.obj
 0001:00003940       ?outputSegment@RenderOutput@Cm@physx@@QEAAXAEBVPxVec3@3@0@Z 0000000180004940 f i Cooking.obj
 0001:00003a00       ?preExportDataReset@ConvexMesh@Gu@physx@@QEAAXXZ 0000000180004a00 f i Cooking.obj
 0001:00003a10       ?preExportDataReset@HeightField@Gu@physx@@QEAAXXZ 0000000180004a10 f i Cooking.obj
 0001:00003a20       ?recreate@?$Array@UPxDebugLine@physx@@VNamedAllocator@shdfnd@2@@shdfnd@physx@@IEAAXI@Z 0000000180004a20 f i Cooking.obj
 0001:00003ac0       ?reserveSegments@RenderOutput@Cm@physx@@QEAAPEAUPxDebugLine@3@I@Z 0000000180004ac0 f i Cooking.obj
 0001:00003b30       ??0ReducedVertexCloud@physx@@QEAA@PEBVPxVec3@1@I@Z 0000000180004b30 f   CookingUtils.obj
 0001:00003b50       ??1ReducedVertexCloud@physx@@QEAA@XZ 0000000180004b50 f   CookingUtils.obj
 0001:00003b60       ?Clean@ReducedVertexCloud@physx@@QEAAAEAV12@XZ 0000000180004b60 f   CookingUtils.obj
 0001:00003bd0       ?Reduce@ReducedVertexCloud@physx@@QEAA_NPEAUREDUCEDCLOUD@2@@Z 0000000180004bd0 f   CookingUtils.obj
 0001:00003ee0       ??0EdgeList@Gu@physx@@QEAA@XZ 0000000180004ee0 f   EdgeList.obj
 0001:00003f00       ??1EdgeList@Gu@physx@@QEAA@XZ 0000000180004f00 f   EdgeList.obj
 0001:00003fb0       ?load@EdgeList@Gu@physx@@QEAA_NAEAVPxInputStream@3@@Z 0000000180004fb0 f   EdgeList.obj
 0001:000041c0       ??0EdgeListBuilder@Gu@physx@@QEAA@XZ 00000001800051c0 f   EdgeList.obj
 0001:000041e0       ??1EdgeListBuilder@Gu@physx@@QEAA@XZ 00000001800051e0 f   EdgeList.obj
 0001:000041f0       ?init@EdgeListBuilder@Gu@physx@@QEAA_NAEBUEDGELISTCREATE@23@@Z 00000001800051f0 f   EdgeList.obj
 0001:00004330       ?createFacesToEdges@EdgeListBuilder@Gu@physx@@AEAA_NIPEBIPEBG@Z 0000000180005330 f   EdgeList.obj
 0001:00004790       ?createEdgesToFaces@EdgeListBuilder@Gu@physx@@AEAA_NIPEBIPEBG@Z 0000000180005790 f   EdgeList.obj
 0001:000049e0       ?computeActiveEdges@EdgeListBuilder@Gu@physx@@AEAA_NIPEBIPEBGPEBVPxVec3@3@M@Z 00000001800059e0 f   EdgeList.obj
 0001:00005ff0       ??$?_UI@@YAPEAX_KV?$ReflectionAllocator@I@shdfnd@physx@@PEBDH@Z 0000000180006ff0 f i EdgeList.obj
 0001:00006090       ??0PxVec3@physx@@QEAA@XZ   0000000180007090 f i EdgeList.obj
 0001:000060a0       ??0MeshCleaner@physx@@QEAA@IPEBVPxVec3@1@IPEBIM@Z 00000001800070a0 f   MeshCleaner.obj
 0001:00006a60       ??1MeshCleaner@physx@@QEAA@XZ 0000000180007a60 f   MeshCleaner.obj
 0001:00006af0       ?createQuantizer@physx@@YAPEAVQuantizer@1@XZ 0000000180007af0 f   Quantizer.obj
 0001:00006c10       ?kmeans_cluster3d@@YAIPEBVPxVec3@physx@@IIPEAV12@PEAIMM@Z 0000000180007c10 f   Quantizer.obj
 0001:00006c20       ??$kmeans_cluster@VPxVec3@physx@@M@@YAIPEBVPxVec3@physx@@IIPEAV01@PEAIMM@Z 0000000180007c20 f i Quantizer.obj
 0001:00007510       ??1Quantizer@physx@@MEAA@XZ 0000000180008510 f i Quantizer.obj
 0001:00007520       ??1QuantizerImpl@@EEAA@XZ  0000000180008520 f i Quantizer.obj
 0001:000075a0       ??_EQuantizer@physx@@MEAAPEAXI@Z 00000001800085a0 f i Quantizer.obj
 0001:000075a0       ??_GQuantizer@physx@@MEAAPEAXI@Z 00000001800085a0 f i Quantizer.obj
 0001:000075d0       ??_GQuantizerImpl@@EEAAPEAXI@Z 00000001800085d0 f i Quantizer.obj
 0001:000075d0       ??_EQuantizerImpl@@EEAAPEAXI@Z 00000001800085d0 f i Quantizer.obj
 0001:000076a0       ?getDenormalizeCenter@QuantizerImpl@@UEBAAEBVPxVec3@physx@@XZ 00000001800086a0 f i Quantizer.obj
 0001:000076b0       ?getDenormalizeScale@QuantizerImpl@@UEBAAEBVPxVec3@physx@@XZ 00000001800086b0 f i Quantizer.obj
 0001:000076c0       ?growAndPushBack@?$Array@VPxVec3@physx@@VNamedAllocator@shdfnd@2@@shdfnd@physx@@IEAAAEAVPxVec3@3@AEBV43@@Z 00000001800086c0 f i Quantizer.obj
 0001:00007850       ?kmeansQuantize3D@QuantizerImpl@@UEAAPEBVPxVec3@physx@@IPEBV23@I_NIAEAI@Z 0000000180008850 f i Quantizer.obj
 0001:00007ac0       ?normalizeInput@QuantizerImpl@@AEAAXIPEBVPxVec3@physx@@I@Z 0000000180008ac0 f i Quantizer.obj
 0001:00007ef0       ?release@QuantizerImpl@@UEAAXXZ 0000000180008ef0 f i Quantizer.obj
 0001:00007f10       ??0BVHStructureBuilder@physx@@QEAA@XZ 0000000180008f10 f   BVHStructureBuilder.obj
 0001:00007f30       ??1BVHStructureBuilder@physx@@QEAA@XZ 0000000180008f30 f   BVHStructureBuilder.obj
 0001:00007fc0       ?loadFromDesc@BVHStructureBuilder@physx@@QEAA_NAEBVPxBVHStructureDesc@2@@Z 0000000180008fc0 f   BVHStructureBuilder.obj
 0001:00008320       ?save@BVHStructureBuilder@physx@@QEBA_NAEAVPxOutputStream@2@_N@Z 0000000180009320 f   BVHStructureBuilder.obj
 0001:000084b0       ?moveData@BVHStructureBuilder@physx@@QEAAXAEAUBVHStructureData@Gu@2@@Z 00000001800094b0 f   BVHStructureBuilder.obj
 0001:000084f0       ?flatten@@YAXAEBVNodeAllocator@Gu@physx@@PEAUBVHNode@23@@Z 00000001800094f0 f   BVHStructureBuilder.obj
 0001:000086a0       ??$copy@VNamedAllocator@shdfnd@physx@@@?$Array@USlab@NodeAllocator@Gu@physx@@VNamedAllocator@shdfnd@4@@shdfnd@physx@@IEAAXAEBV012@@Z 00000001800096a0 f i BVHStructureBuilder.obj
 0001:00008720       ??0AABBTreeBuildNode@Gu@physx@@QEAA@AEBV012@@Z 0000000180009720 f i BVHStructureBuilder.obj
 0001:00008760       ??0AABBTreeBuildNode@Gu@physx@@QEAA@XZ 0000000180009760 f i BVHStructureBuilder.obj
 0001:00008770       ??0AABBTreeBuildParams@Gu@physx@@QEAA@IIPEBVPxBounds3@2@@Z 0000000180009770 f i BVHStructureBuilder.obj
 0001:00008790       ??0BuildStats@Gu@physx@@QEAA@XZ 0000000180009790 f i BVHStructureBuilder.obj
 0001:000087a0       ??0NodeAllocator@Gu@physx@@QEAA@AEBV012@@Z 00000001800097a0 f i BVHStructureBuilder.obj
 0001:00008810       ??1AABBTreeBuildNode@Gu@physx@@QEAA@XZ 0000000180009810 f i BVHStructureBuilder.obj
 0001:00008820       ??1AABBTreeBuildParams@Gu@physx@@QEAA@XZ 0000000180009820 f i BVHStructureBuilder.obj
 0001:00008880       ??4AABBTreeBuildNode@Gu@physx@@QEAAAEAV012@AEBV012@@Z 0000000180009880 f i BVHStructureBuilder.obj
 0001:000088c0       ??4AABBTreeBuildParams@Gu@physx@@QEAAAEAV012@AEBV012@@Z 00000001800098c0 f i BVHStructureBuilder.obj
 0001:000088e0       ??4BuildStats@Gu@physx@@QEAAAEAU012@$$QEAU012@@Z 00000001800098e0 f i BVHStructureBuilder.obj
 0001:000088f0       ??4BuildStats@Gu@physx@@QEAAAEAU012@AEBU012@@Z 00000001800098f0 f i BVHStructureBuilder.obj
 0001:00008900       ??4NodeAllocator@Gu@physx@@QEAAAEAV012@AEBV012@@Z 0000000180009900 f i BVHStructureBuilder.obj
 0001:000089b0       ??_FAABBTreeBuildParams@Gu@physx@@QEAAXXZ 00000001800099b0 f i BVHStructureBuilder.obj
 0001:000089d0       ?__global_array_delete@@YAXPEAX@Z 00000001800099d0 f i BVHStructureBuilder.obj
 0001:000089e0       ?__global_array_delete@@YAXPEAX_K@Z 00000001800099e0 f i BVHStructureBuilder.obj
 0001:000089f0       ?__global_delete@@YAXPEAX@Z 00000001800099f0 f i BVHStructureBuilder.obj
 0001:00008a00       ?__global_delete@@YAXPEAX_K@Z 0000000180009a00 f i BVHStructureBuilder.obj
 0001:00008a10       ?allocate@?$Array@USlab@NodeAllocator@Gu@physx@@VNamedAllocator@shdfnd@4@@shdfnd@physx@@IEAAPEAUSlab@NodeAllocator@Gu@3@I@Z 0000000180009a10 f i BVHStructureBuilder.obj
 0001:00008a70       ?getAABB@AABBTreeBuildNode@Gu@physx@@QEBAAEBVPxBounds3@3@XZ 0000000180009a70 f i BVHStructureBuilder.obj
 0001:00008a80       ?getCount@BuildStats@Gu@physx@@QEBAIXZ 0000000180009a80 f i BVHStructureBuilder.obj
 0001:00008a90       ?getNbPrimitives@AABBTreeBuildNode@Gu@physx@@QEBAIXZ 0000000180009a90 f i BVHStructureBuilder.obj
 0001:00008aa0       ?getNbRuntimePrimitives@AABBTreeBuildNode@Gu@physx@@QEBAIXZ 0000000180009aa0 f i BVHStructureBuilder.obj
 0001:00008ab0       ?getNeg@AABBTreeBuildNode@Gu@physx@@QEBAPEBV123@XZ 0000000180009ab0 f i BVHStructureBuilder.obj
 0001:00008ad0       ?getPos@AABBTreeBuildNode@Gu@physx@@QEBAPEBV123@XZ 0000000180009ad0 f i BVHStructureBuilder.obj
 0001:00008ae0       ?getPrimitives@AABBTreeBuildNode@Gu@physx@@QEAAPEAIPEAI@Z 0000000180009ae0 f i BVHStructureBuilder.obj
 0001:00008af0       ?getPrimitives@AABBTreeBuildNode@Gu@physx@@QEBAPEBIPEBI@Z 0000000180009af0 f i BVHStructureBuilder.obj
 0001:00008b00       ?increaseCount@BuildStats@Gu@physx@@QEAAXI@Z 0000000180009b00 f i BVHStructureBuilder.obj
 0001:00008b10       ?isLeaf@AABBTreeBuildNode@Gu@physx@@QEBA_NXZ 0000000180009b10 f i BVHStructureBuilder.obj
 0001:00008b20       ?recreate@?$Array@USlab@NodeAllocator@Gu@physx@@VNamedAllocator@shdfnd@4@@shdfnd@physx@@IEAAXI@Z 0000000180009b20 f i BVHStructureBuilder.obj
 0001:00008bd0       ?reset@AABBTreeBuildParams@Gu@physx@@QEAAXXZ 0000000180009bd0 f i BVHStructureBuilder.obj
 0001:00008c30       ?reset@BuildStats@Gu@physx@@QEAAXXZ 0000000180009c30 f i BVHStructureBuilder.obj
 0001:00008c40       ?setCount@BuildStats@Gu@physx@@QEAAXI@Z 0000000180009c40 f i BVHStructureBuilder.obj
 0001:00008c50       ?setNbRunTimePrimitives@AABBTreeBuildNode@Gu@physx@@QEAAXI@Z 0000000180009c50 f i BVHStructureBuilder.obj
 0001:00008c60       ?saveHeightField@physx@@YA_NAEBVHeightField@Gu@1@AEAVPxOutputStream@1@_N@Z 0000000180009c60 f   HeightFieldCooking.obj
 0001:00008ea0       ?buildFromTriangles@RTreeCooker@physx@@SAXAEAURTree@Gu@2@PEBVPxVec3@2@IPEBGPEBIIAEAV?$Array@IVNamedAllocator@shdfnd@physx@@@shdfnd@2@PEAURemapCallback@12@MW4Enum@PxMeshCookingHint@2@@Z 0000000180009ea0 f   RTreeCooking.obj
 0001:00009130       ??$partition@UBoundsLTE@physx@@@quickSelect@physx@@YAIPEIAIIIIAEBUBoundsLTE@1@@Z 000000018000a130 f i RTreeCooking.obj
 0001:000092b0       ??$quickSelectFirstK@UBoundsLTE@physx@@@quickSelect@physx@@YAXPEIAIIIIAEBUBoundsLTE@1@@Z 000000018000a2b0 f i RTreeCooking.obj
 0001:00009490       ??$smallSort@I$$CBUSortBoundsPredicate@physx@@@internal@shdfnd@physx@@YAXPEAIHHAEBUSortBoundsPredicate@2@@Z 000000018000a490 f i RTreeCooking.obj
 0001:00009760       ??$sort@I@shdfnd@physx@@YAXPEAII@Z 000000018000a760 f i RTreeCooking.obj
 0001:000097b0       ??$sort@IU?$Less@I@shdfnd@physx@@VNamedAllocator@23@@shdfnd@physx@@YAXPEAIIAEBU?$Less@I@01@AEBVNamedAllocator@01@I@Z 000000018000a7b0 f i RTreeCooking.obj
 0001:00009b70       ??$sort@IUSortBoundsPredicate@physx@@@shdfnd@physx@@YAXPEAIIAEBUSortBoundsPredicate@1@@Z 000000018000ab70 f i RTreeCooking.obj
 0001:00009bd0       ??$sort@IUSortBoundsPredicate@physx@@VNamedAllocator@shdfnd@2@@shdfnd@physx@@YAXPEAIIAEBUSortBoundsPredicate@1@AEBVNamedAllocator@01@I@Z 000000018000abd0 f i RTreeCooking.obj
 0001:0000a030       ??0?$InlineArray@UInterval@physx@@$0EAA@VNamedAllocator@shdfnd@2@@shdfnd@physx@@QEAA@AEBVNamedAllocator@12@@Z 000000018000b030 f i RTreeCooking.obj
 0001:0000a100       ?allocate@?$Array@UInterval@physx@@V?$InlineAllocator@$0CAAA@VNamedAllocator@shdfnd@physx@@@shdfnd@2@@shdfnd@physx@@IEAAPEAUInterval@3@I@Z 000000018000b100 f i RTreeCooking.obj
 0001:0000af10       ?copy@?$Array@URTreeNodeNQ@physx@@VNamedAllocator@shdfnd@2@@shdfnd@physx@@KAXPEAURTreeNodeNQ@3@0PEBU43@@Z 000000018000bf10 f i RTreeCooking.obj
 0001:0000b0d0       ?copy@?$Array@VPxVec3@physx@@VNamedAllocator@shdfnd@2@@shdfnd@physx@@KAXPEAVPxVec3@3@0PEBV43@@Z 000000018000c0d0 f i RTreeCooking.obj
 0001:0000b1a0       ?growAndPushBack@?$Array@IVNamedAllocator@shdfnd@physx@@@shdfnd@physx@@IEAAAEAIAEBI@Z 000000018000c1a0 f i RTreeCooking.obj
 0001:0000b270       ?growAndPushBack@?$Array@UInterval@physx@@V?$InlineAllocator@$0CAAA@VNamedAllocator@shdfnd@physx@@@shdfnd@2@@shdfnd@physx@@IEAAAEAUInterval@3@AEBU43@@Z 000000018000c270 f i RTreeCooking.obj
 0001:0000b350       ?growAndPushBack@?$Array@UPxBounds3V@physx@@VNamedAllocator@shdfnd@2@@shdfnd@physx@@IEAAAEAUPxBounds3V@3@AEBU43@@Z 000000018000c350 f i RTreeCooking.obj
 0001:0000b450       ?growAndPushBack@?$Array@URTreeNodeNQ@physx@@VNamedAllocator@shdfnd@2@@shdfnd@physx@@IEAAAEAURTreeNodeNQ@3@AEBU43@@Z 000000018000c450 f i RTreeCooking.obj
 0001:0000b550       ?growAndPushBack@?$Array@URTreeNodeQ@Gu@physx@@VNamedAllocator@shdfnd@3@@shdfnd@physx@@IEAAAEAURTreeNodeQ@Gu@3@AEBU453@@Z 000000018000c550 f i RTreeCooking.obj
 0001:0000b650       ?recreate@?$Array@IVNamedAllocator@shdfnd@physx@@@shdfnd@physx@@IEAAXI@Z 000000018000c650 f i RTreeCooking.obj
 0001:0000b700       ?recreate@?$Array@UPxBounds3V@physx@@VNamedAllocator@shdfnd@2@@shdfnd@physx@@IEAAXI@Z 000000018000c700 f i RTreeCooking.obj
 0001:0000b7c0       ?recreate@?$Array@URTreeNodeNQ@physx@@VNamedAllocator@shdfnd@2@@shdfnd@physx@@IEAAXI@Z 000000018000c7c0 f i RTreeCooking.obj
 0001:0000b860       ?recreate@?$Array@URTreeNodeQ@Gu@physx@@VNamedAllocator@shdfnd@3@@shdfnd@physx@@IEAAXI@Z 000000018000c860 f i RTreeCooking.obj
 0001:0000b920       ?recreate@?$Array@VPxVec3@physx@@VNamedAllocator@shdfnd@2@@shdfnd@physx@@IEAAXI@Z 000000018000c920 f i RTreeCooking.obj
 0001:0000b9c0       ?resize@?$Array@IVNamedAllocator@shdfnd@physx@@@shdfnd@physx@@QEAAXIAEBI@Z 000000018000c9c0 f i RTreeCooking.obj
 0001:0000ba80       ?resizeUninitialized@?$Array@URTreeNodeNQ@physx@@VNamedAllocator@shdfnd@2@@shdfnd@physx@@QEAAXI@Z 000000018000ca80 f i RTreeCooking.obj
 0001:0000bac0       ?sort4@SubSortQuick@physx@@QEAAXPEIAIIAEAV?$Array@URTreeNodeNQ@physx@@VNamedAllocator@shdfnd@2@@shdfnd@2@AEAIAEAUPxBounds3V@2@I@Z 000000018000cac0 f i RTreeCooking.obj
 0001:0000be50       ?sort4@SubSortSAH@physx@@QEAAXPEAIIAEAV?$Array@URTreeNodeNQ@physx@@VNamedAllocator@shdfnd@2@@shdfnd@2@AEAIIPEAURTreeNodeNQ@2@@Z 000000018000ce50 f i RTreeCooking.obj
 0001:0000c570       ?split@SubSortSAH@physx@@QEAAIPEAII@Z 000000018000d570 f i RTreeCooking.obj
 0001:0000cce0       ?computeLocalBounds@MeshBulider@physx@@IEAAXAEAVMeshDataBase@Gu@2@@Z 000000018000dce0 f   MeshBuilder.obj
 0001:0000cd70       ??0TriangleMeshBuilder@physx@@QEAA@AEAVTriangleMeshData@Gu@1@AEBUPxCookingParams@1@@Z 000000018000dd70 f   TriangleMeshBuilder.obj
 0001:0000cda0       ??1TriangleMeshBuilder@physx@@UEAA@XZ 000000018000dda0 f   TriangleMeshBuilder.obj
 0001:0000ce10       ?cleanMesh@TriangleMeshBuilder@physx@@QEAA_N_NPEAW4Enum@PxTriangleMeshCookingResult@2@@Z 000000018000de10 f   TriangleMeshBuilder.obj
 0001:0000d2d0       ?remapTopology@TriangleMeshBuilder@physx@@QEAAXPEBI@Z 000000018000e2d0 f   TriangleMeshBuilder.obj
 0001:0000d5d0       ?createSharedEdgeData@TriangleMeshBuilder@physx@@QEAAX_N0@Z 000000018000e5d0 f   TriangleMeshBuilder.obj
 0001:0000da40       ?recordTriangleIndices@TriangleMeshBuilder@physx@@QEAAXXZ 000000018000ea40 f   TriangleMeshBuilder.obj
 0001:0000dae0       ?createGRBMidPhaseAndData@TriangleMeshBuilder@physx@@QEAAXI@Z 000000018000eae0 f   TriangleMeshBuilder.obj
 0001:0000de70       ?createGRBData@TriangleMeshBuilder@physx@@QEAAXXZ 000000018000ee70 f   TriangleMeshBuilder.obj
 0001:0000df50       ?loadFromDesc@TriangleMeshBuilder@physx@@QEAA_NAEBVPxTriangleMeshDesc@2@PEAW4Enum@PxTriangleMeshCookingResult@2@_N@Z 000000018000ef50 f   TriangleMeshBuilder.obj
 0001:0000e330       ?save@TriangleMeshBuilder@physx@@QEBA_NAEAVPxOutputStream@2@_NAEBUPxCookingParams@2@@Z 000000018000f330 f   TriangleMeshBuilder.obj
 0001:0000e900       ?checkMeshIndicesSize@TriangleMeshBuilder@physx@@QEAAXXZ 000000018000f900 f   TriangleMeshBuilder.obj
 0001:0000ea10       ?importMesh@TriangleMeshBuilder@physx@@IEAA_NAEBVPxTriangleMeshDesc@2@AEBUPxCookingParams@2@PEAW4Enum@PxTriangleMeshCookingResult@2@_N@Z 000000018000fa10 f   TriangleMeshBuilder.obj
 0001:0000edb0       ?releaseEdgeList@TriangleMeshBuilder@physx@@IEAAXXZ 000000018000fdb0 f   TriangleMeshBuilder.obj
 0001:0000ee10       ?createEdgeList@TriangleMeshBuilder@physx@@IEAAXXZ 000000018000fe10 f   TriangleMeshBuilder.obj
 0001:0000ef30       ??0RTreeTriangleMeshBuilder@physx@@QEAA@AEBUPxCookingParams@1@@Z 000000018000ff30 f   TriangleMeshBuilder.obj
 0001:0000eff0       ??1RTreeTriangleMeshBuilder@physx@@UEAA@XZ 000000018000fff0 f   TriangleMeshBuilder.obj
 0001:0000f020       ?createMidPhaseStructure@RTreeTriangleMeshBuilder@physx@@UEAAXXZ 0000000180010020 f   TriangleMeshBuilder.obj
 0001:0000f150       ?saveMidPhaseStructure@RTreeTriangleMeshBuilder@physx@@UEBAXAEAVPxOutputStream@2@_N@Z 0000000180010150 f   TriangleMeshBuilder.obj
 0001:0000f390       ??0BV4TriangleMeshBuilder@physx@@QEAA@AEBUPxCookingParams@1@@Z 0000000180010390 f   TriangleMeshBuilder.obj
 0001:0000f460       ??1BV4TriangleMeshBuilder@physx@@UEAA@XZ 0000000180010460 f   TriangleMeshBuilder.obj
 0001:0000f4c0       ?createMidPhaseStructure@BV4TriangleMeshBuilder@physx@@UEAAXXZ 00000001800104c0 f   TriangleMeshBuilder.obj
 0001:0000f790       ?saveMidPhaseStructure@BV4TriangleMeshBuilder@physx@@UEBAXAEAVPxOutputStream@2@_N@Z 0000000180010790 f   TriangleMeshBuilder.obj
 0001:0000f930       ?onMeshIndexFormatChange@BV4TriangleMeshBuilder@physx@@UEAAXXZ 0000000180010930 f   TriangleMeshBuilder.obj
 0001:0000f970       ?createMidPhaseStructure@BV32TriangleMeshBuilder@physx@@SAXAEBUPxCookingParams@2@AEAVTriangleMeshData@Gu@2@AEAVBV32Tree@52@@Z 0000000180010970 f   TriangleMeshBuilder.obj
 0001:0000faf0       ?saveMidPhaseStructure@BV32TriangleMeshBuilder@physx@@SAXPEAVBV32Tree@Gu@2@AEAVPxOutputStream@2@_N@Z 0000000180010af0 f   TriangleMeshBuilder.obj
 0001:0000fc90       ?findSharpVertices@GrbTrimeshCookerHelper@physx@@YAXAEAV?$Array@USortedNeighbor@GrbTrimeshCookerHelper@physx@@VNamedAllocator@shdfnd@3@@shdfnd@2@AEAV?$Array@USharpEdgeRange@GrbTrimeshCookerHelper@physx@@VNamedAllocator@shdfnd@3@@42@PEBUuint3@2@PEBUuint4@2@II@Z 0000000180010c90 f   TriangleMeshBuilder.obj
 0001:00010050       ?buildVertexConnectionNew_p1@GrbTrimeshCookerHelper@physx@@YAIAEAV?$Array@USortedNeighbor@GrbTrimeshCookerHelper@physx@@VNamedAllocator@shdfnd@3@@shdfnd@2@AEAV?$Array@USharpEdgeRange@GrbTrimeshCookerHelper@physx@@VNamedAllocator@shdfnd@3@@42@PEBUuint3@2@PEBUuint4@2@II@Z 0000000180011050 f   TriangleMeshBuilder.obj
 0001:000101e0       ?buildVertexConnectionNew_p2@GrbTrimeshCookerHelper@physx@@YAXPEAI00AEAV?$Array@USortedNeighbor@GrbTrimeshCookerHelper@physx@@VNamedAllocator@shdfnd@3@@shdfnd@2@AEAV?$Array@USharpEdgeRange@GrbTrimeshCookerHelper@physx@@VNamedAllocator@shdfnd@3@@42@I@Z 00000001800111e0 f   TriangleMeshBuilder.obj
 0001:00010290       ??$?_UG@@YAPEAX_KV?$ReflectionAllocator@G@shdfnd@physx@@PEBDH@Z 0000000180011290 f i TriangleMeshBuilder.obj
 0001:00010330       ??$median3@USortedNeighbor@GrbTrimeshCookerHelper@physx@@$$CBU?$Less@USortedNeighbor@GrbTrimeshCookerHelper@physx@@@shdfnd@3@@internal@shdfnd@physx@@YAXPEAUSortedNeighbor@GrbTrimeshCookerHelper@2@HHAEBU?$Less@USortedNeighbor@GrbTrimeshCookerHelper@physx@@@12@@Z 0000000180011330 f i TriangleMeshBuilder.obj
 0001:00010460       ??$sort@UEdgeTriLookup@physx@@@shdfnd@physx@@YAXPEAUEdgeTriLookup@1@I@Z 0000000180011460 f i TriangleMeshBuilder.obj
 0001:000104b0       ??$sort@UEdgeTriLookup@physx@@U?$Less@UEdgeTriLookup@physx@@@shdfnd@2@VNamedAllocator@42@@shdfnd@physx@@YAXPEAUEdgeTriLookup@1@IAEBU?$Less@UEdgeTriLookup@physx@@@01@AEBVNamedAllocator@01@I@Z 00000001800114b0 f i TriangleMeshBuilder.obj
 0001:000109a0       ??$sort@USortedNeighbor@GrbTrimeshCookerHelper@physx@@@shdfnd@physx@@YAXPEAUSortedNeighbor@GrbTrimeshCookerHelper@1@I@Z 00000001800119a0 f i TriangleMeshBuilder.obj
 0001:000109f0       ??$sort@USortedNeighbor@GrbTrimeshCookerHelper@physx@@U?$Less@USortedNeighbor@GrbTrimeshCookerHelper@physx@@@shdfnd@3@VNamedAllocator@53@@shdfnd@physx@@YAXPEAUSortedNeighbor@GrbTrimeshCookerHelper@1@IAEBU?$Less@USortedNeighbor@GrbTrimeshCookerHelper@physx@@@01@AEBVNamedAllocator@01@I@Z 00000001800119f0 f i TriangleMeshBuilder.obj
 0001:00010e60       ??0PxVec4@physx@@QEAA@XZ   0000000180011e60 f i TriangleMeshBuilder.obj
 0001:00010e70       ??1BV4TriangleData@Gu@physx@@UEAA@XZ 0000000180011e70 f i TriangleMeshBuilder.obj
 0001:00010eb0       ??1MeshDataBase@Gu@physx@@UEAA@XZ 0000000180011eb0 f i TriangleMeshBuilder.obj
 0001:00010f90       ??1RTreeTriangleData@Gu@physx@@UEAA@XZ 0000000180011f90 f i TriangleMeshBuilder.obj
 0001:00011000       ??1RemapCallback@RTreeCooker@physx@@UEAA@XZ 0000000180012000 f i TriangleMeshBuilder.obj
 0001:00011010       ??1TriangleMeshData@Gu@physx@@UEAA@XZ 0000000180012010 f i TriangleMeshBuilder.obj
 0001:000110e0       ??_GBV4TriangleData@Gu@physx@@UEAAPEAXI@Z 00000001800120e0 f i TriangleMeshBuilder.obj
 0001:000110e0       ??_EBV4TriangleData@Gu@physx@@UEAAPEAXI@Z 00000001800120e0 f i TriangleMeshBuilder.obj
 0001:00011160       ??_EBV4TriangleMeshBuilder@physx@@UEAAPEAXI@Z 0000000180012160 f i TriangleMeshBuilder.obj
 0001:00011160       ??_GBV4TriangleMeshBuilder@physx@@UEAAPEAXI@Z 0000000180012160 f i TriangleMeshBuilder.obj
 0001:000111e0       ??_EMeshDataBase@Gu@physx@@UEAAPEAXI@Z 00000001800121e0 f i TriangleMeshBuilder.obj
 0001:000111e0       ??_GMeshDataBase@Gu@physx@@UEAAPEAXI@Z 00000001800121e0 f i TriangleMeshBuilder.obj
 0001:00011240       ??_ERTreeCookerRemap@physx@@UEAAPEAXI@Z 0000000180012240 f i TriangleMeshBuilder.obj
 0001:00011240       ??_GRTreeCookerRemap@physx@@UEAAPEAXI@Z 0000000180012240 f i TriangleMeshBuilder.obj
 0001:00011270       ??_ERTreeTriangleData@Gu@physx@@UEAAPEAXI@Z 0000000180012270 f i TriangleMeshBuilder.obj
 0001:00011270       ??_GRTreeTriangleData@Gu@physx@@UEAAPEAXI@Z 0000000180012270 f i TriangleMeshBuilder.obj
 0001:000112d0       ??_ERTreeTriangleMeshBuilder@physx@@UEAAPEAXI@Z 00000001800122d0 f i TriangleMeshBuilder.obj
 0001:000112d0       ??_GRTreeTriangleMeshBuilder@physx@@UEAAPEAXI@Z 00000001800122d0 f i TriangleMeshBuilder.obj
 0001:00011320       ??_GRemapCallback@RTreeCooker@physx@@UEAAPEAXI@Z 0000000180012320 f i TriangleMeshBuilder.obj
 0001:00011320       ??_ERemapCallback@RTreeCooker@physx@@UEAAPEAXI@Z 0000000180012320 f i TriangleMeshBuilder.obj
 0001:00011350       ??_GTriangleMeshBuilder@physx@@UEAAPEAXI@Z 0000000180012350 f i TriangleMeshBuilder.obj
 0001:00011350       ??_ETriangleMeshBuilder@physx@@UEAAPEAXI@Z 0000000180012350 f i TriangleMeshBuilder.obj
 0001:00011390       ??_GTriangleMeshData@Gu@physx@@UEAAPEAXI@Z 0000000180012390 f i TriangleMeshBuilder.obj
 0001:00011390       ??_ETriangleMeshData@Gu@physx@@UEAAPEAXI@Z 0000000180012390 f i TriangleMeshBuilder.obj
 0001:000113f0       ?allocateTriangles@TriangleMeshData@Gu@physx@@QEAAPEAXI_NI@Z 00000001800123f0 f i TriangleMeshBuilder.obj
 0001:000114c0       ?allocateVertices@MeshDataBase@Gu@physx@@QEAAPEAVPxVec3@3@I@Z 00000001800124c0 f i TriangleMeshBuilder.obj
 0001:00011bc0       ?getMidphaseID@BV4TriangleMeshBuilder@physx@@UEBA?AW4Enum@PxMeshMidPhase@2@XZ 0000000180012bc0 f i TriangleMeshBuilder.obj
 0001:00011bd0       ?getMidphaseID@RTreeTriangleMeshBuilder@physx@@UEBA?AW4Enum@PxMeshMidPhase@2@XZ 0000000180012bd0 f i TriangleMeshBuilder.obj
 0001:00011be0       ?growAndPushBack@?$Array@USortedNeighbor@GrbTrimeshCookerHelper@physx@@VNamedAllocator@shdfnd@3@@shdfnd@physx@@IEAAAEAUSortedNeighbor@GrbTrimeshCookerHelper@3@AEBU453@@Z 0000000180012be0 f i TriangleMeshBuilder.obj
 0001:00011ce0       ?onMeshIndexFormatChange@TriangleMeshBuilder@physx@@UEAAXXZ 0000000180012ce0 f i TriangleMeshBuilder.obj
 0001:00011cf0       ?recreate@?$Array@USharpEdgeRange@GrbTrimeshCookerHelper@physx@@VNamedAllocator@shdfnd@3@@shdfnd@physx@@IEAAXI@Z 0000000180012cf0 f i TriangleMeshBuilder.obj
 0001:00011da0       ?recreate@?$Array@USortedNeighbor@GrbTrimeshCookerHelper@physx@@VNamedAllocator@shdfnd@3@@shdfnd@physx@@IEAAXI@Z 0000000180012da0 f i TriangleMeshBuilder.obj
 0001:00011e70       ?remap@RTreeCookerRemap@physx@@UEAAXPEAIII@Z 0000000180012e70 f i TriangleMeshBuilder.obj
 0001:00011e90       ?resize@?$Array@USharpEdgeRange@GrbTrimeshCookerHelper@physx@@VNamedAllocator@shdfnd@3@@shdfnd@physx@@QEAAXIAEBUSharpEdgeRange@GrbTrimeshCookerHelper@3@@Z 0000000180012e90 f i TriangleMeshBuilder.obj
 0001:00011f50       ?resizeUninitialized@?$Array@USortedNeighbor@GrbTrimeshCookerHelper@physx@@VNamedAllocator@shdfnd@3@@shdfnd@physx@@QEAAXI@Z 0000000180012f50 f i TriangleMeshBuilder.obj
 0001:00011f90       ??0BigConvexDataBuilder@physx@@QEAA@PEBUConvexHullData@Gu@1@PEAVBigConvexData@1@PEBVPxVec3@1@@Z 0000000180012f90 f   BigConvexDataBuilder.obj
 0001:00011fb0       ??1BigConvexDataBuilder@physx@@QEAA@XZ 0000000180012fb0 f   BigConvexDataBuilder.obj
 0001:00011fc0       ?precompute@BigConvexDataBuilder@physx@@QEAA_NI@Z 0000000180012fc0 f   BigConvexDataBuilder.obj
 0001:00012c10       ?initialize@BigConvexDataBuilder@physx@@QEAA_NXZ 0000000180013c10 f   BigConvexDataBuilder.obj
 0001:00012cc0       ?save@BigConvexDataBuilder@physx@@QEBA_NAEAVPxOutputStream@2@_N@Z 0000000180013cc0 f   BigConvexDataBuilder.obj
 0001:00012f00       ?computeValencies@BigConvexDataBuilder@physx@@QEAA_NAEBVConvexHullBuilder@2@@Z 0000000180013f00 f   BigConvexDataBuilder.obj
 0001:000132f0       ?saveValencies@BigConvexDataBuilder@physx@@QEBA_NAEAVPxOutputStream@2@_N@Z 00000001800142f0 f   BigConvexDataBuilder.obj
 0001:000134a0       ??0BigConvexData@physx@@QEAA@W4PxEMPTY@1@@Z 00000001800144a0 f i BigConvexDataBuilder.obj
 0001:000134b0       ??4BigConvexData@physx@@QEAAAEAV01@AEBV01@@Z 00000001800144b0 f i BigConvexDataBuilder.obj
 0001:000134d0       ?GetAdjacentVerts@BigConvexData@physx@@QEBAPEBEXZ 00000001800144d0 f i BigConvexDataBuilder.obj
 0001:000134e0       ?GetNbNeighbors@BigConvexData@physx@@QEBAGI@Z 00000001800144e0 f i BigConvexDataBuilder.obj
 0001:000134f0       ?GetNbSamples@BigConvexData@physx@@QEBAIXZ 00000001800144f0 f i BigConvexDataBuilder.obj
 0001:00013500       ?GetNbVerts@BigConvexData@physx@@QEBAIXZ 0000000180014500 f i BigConvexDataBuilder.obj
 0001:00013510       ?GetNeighbors@BigConvexData@physx@@QEBAPEBEI@Z 0000000180014510 f i BigConvexDataBuilder.obj
 0001:00013520       ?GetOffset@BigConvexData@physx@@QEBAGI@Z 0000000180014520 f i BigConvexDataBuilder.obj
 0001:00013530       ?GetSubdiv@BigConvexData@physx@@QEBAIXZ 0000000180014530 f i BigConvexDataBuilder.obj
 0001:00013540       ?GetValencies@BigConvexData@physx@@QEBAPEBUValency@Gu@2@XZ 0000000180014540 f i BigConvexDataBuilder.obj
 0001:00013550       ?GetValency@BigConvexData@physx@@QEBAGI@Z 0000000180014550 f i BigConvexDataBuilder.obj
 0001:00013560       ??0ConvexHullBuilder@physx@@QEAA@PEAUConvexHullData@Gu@1@_N@Z 0000000180014560 f   ConvexHullBuilder.obj
 0001:00013590       ??1ConvexHullBuilder@physx@@QEAA@XZ 0000000180014590 f   ConvexHullBuilder.obj
 0001:000136a0       ?init@ConvexHullBuilder@physx@@QEAA_NIPEBVPxVec3@2@PEBIIIPEBUPxHullPolygon@2@_NPEAVConvexHullLib@2@@Z 00000001800146a0 f   ConvexHullBuilder.obj
 0001:00013a70       ?save@ConvexHullBuilder@physx@@QEBA_NAEAVPxOutputStream@2@_N@Z 0000000180014a70 f   ConvexHullBuilder.obj
 0001:00013d90       ?copy@ConvexHullBuilder@physx@@QEAA_NAEAUConvexHullData@Gu@2@AEAI@Z 0000000180014d90 f   ConvexHullBuilder.obj
 0001:00014000       ?createEdgeList@ConvexHullBuilder@physx@@QEAA_N_NI@Z 0000000180015000 f   ConvexHullBuilder.obj
 0001:00014880       ?checkHullPolygons@ConvexHullBuilder@physx@@QEBA_NXZ 0000000180015880 f   ConvexHullBuilder.obj
 0001:00014e70       ?calculateVertexMapTable@ConvexHullBuilder@physx@@QEAA_NI_N@Z 0000000180015e70 f   ConvexHullBuilder.obj
 0001:00015080       ?computeGeomCenter@ConvexHullBuilder@physx@@IEBA_NAEAVPxVec3@2@IPEAUHullTriangleData@2@@Z 0000000180016080 f   ConvexHullBuilder.obj
 0001:00015340       ??$?_UE@@YAPEAX_KV?$ReflectionAllocator@E@shdfnd@physx@@PEBDH@Z 0000000180016340 f i ConvexHullBuilder.obj
 0001:000153e0       ??1ConvexHullLib@physx@@UEAA@XZ 00000001800163e0 f   ConvexHullLib.obj
 0001:00015440       ?cleanupVertices@ConvexHullLib@physx@@IEAA_NIPEBVPxVec3@2@IAEAIPEAV32@AEAV32@3@Z 0000000180016440 f   ConvexHullLib.obj
 0001:000158d0       ?shiftAndcleanupVertices@ConvexHullLib@physx@@IEAA_NIPEBVPxVec3@2@IAEAIPEAV32@AEAV32@3@Z 00000001800168d0 f   ConvexHullLib.obj
 0001:00015dc0       ?swapLargestFace@ConvexHullLib@physx@@IEAAXAEAVPxConvexMeshDesc@2@@Z 0000000180016dc0 f   ConvexHullLib.obj
 0001:00015fb0       ?shiftConvexMeshDesc@ConvexHullLib@physx@@IEAAXAEAVPxConvexMeshDesc@2@@Z 0000000180016fb0 f   ConvexHullLib.obj
 0001:00016070       ??_EConvexHullLib@physx@@UEAAPEAXI@Z 0000000180017070 f i ConvexHullLib.obj
 0001:00016070       ??_GConvexHullLib@physx@@UEAAPEAXI@Z 0000000180017070 f i ConvexHullLib.obj
 0001:000165e0       ??0ConvexHull@physx@@QEAA@AEBVPxVec3@1@0AEBV?$Array@VPxPlane@physx@@VNamedAllocator@shdfnd@2@@shdfnd@1@@Z 00000001800175e0 f   ConvexHullUtils.obj
 0001:00017050       ??0ConvexHull@physx@@QEAA@AEBVPxVec3@1@AEBVPxTransform@1@AEBV?$Array@VPxPlane@physx@@VNamedAllocator@shdfnd@2@@shdfnd@1@@Z 0000000180018050 f   ConvexHullUtils.obj
 0001:00018380       ?findCandidatePlane@ConvexHull@physx@@QEBAHMM@Z 0000000180019380 f   ConvexHullUtils.obj
 0001:000187e0       ?assertIntact@ConvexHull@physx@@QEBA_NM@Z 00000001800197e0 f   ConvexHullUtils.obj
 0001:00018af0       ?maxNumVertsPerFace@ConvexHull@physx@@QEBAIXZ 0000000180019af0 f   ConvexHullUtils.obj
 0001:00018b70       ?convexHullCrop@physx@@YAPEAVConvexHull@1@AEBV21@AEBVPxPlane@1@M@Z 0000000180019b70 f   ConvexHullUtils.obj
 0001:000199e0       ?computeOBBFromConvex@physx@@YA_NAEBVPxConvexMeshDesc@1@AEAVPxVec3@1@AEAVPxTransform@1@@Z 000000018001a9e0 f   ConvexHullUtils.obj
 0001:0001a280       ?computeOBBSIMD@local@@YAXIPEBT__m128@@AEAT2@AEBT2@1@Z 000000018001b280 f   ConvexHullUtils.obj
 0001:0001a460       ??0Box@Gu@physx@@QEAA@AEBV012@@Z 000000018001b460 f i ConvexHullUtils.obj
 0001:0001a4c0       ??0Box@Gu@physx@@QEAA@AEBVPxVec3@2@0AEBVPxMat33@2@@Z 000000018001b4c0 f i ConvexHullUtils.obj
 0001:0001a530       ??0Box@Gu@physx@@QEAA@XZ   000000018001b530 f i ConvexHullUtils.obj
 0001:0001a540       ??0HalfEdge@ConvexHull@physx@@QEAA@XZ 000000018001b540 f i ConvexHullUtils.obj
 0001:0001a550       ??0PxPlane@physx@@QEAA@XZ  000000018001b550 f i ConvexHullUtils.obj
 0001:0001a560       ??0PxQuat@physx@@QEAA@AEBVPxMat33@1@@Z 000000018001b560 f i ConvexHullUtils.obj
 0001:0001a750       ??1Box@Gu@physx@@QEAA@XZ   000000018001b750 f i ConvexHullUtils.obj
 0001:0001a760       ??4Box@Gu@physx@@QEAAAEBV012@AEBV012@@Z 000000018001b760 f i ConvexHullUtils.obj
 0001:0001a7c0       ?computeAABBExtent@Box@Gu@physx@@QEBA?AVPxVec3@3@XZ 000000018001b7c0 f i ConvexHullUtils.obj
 0001:0001a880       ?computeBoxPoints@Box@Gu@physx@@QEBAXPEIAVPxVec3@3@@Z 000000018001b880 f i ConvexHullUtils.obj
 0001:0001a8c0       ?copy@?$Array@VPxPlane@physx@@VNamedAllocator@shdfnd@2@@shdfnd@physx@@KAXPEAVPxPlane@3@0PEBV43@@Z 000000018001b8c0 f i ConvexHullUtils.obj
 0001:0001a9c0       ?getInverse@PxMat33@physx@@QEBA?BV12@XZ 000000018001b9c0 f i ConvexHullUtils.obj
 0001:0001ac10       ?getTransform@Box@Gu@physx@@QEBA?AVPxTransform@3@XZ 000000018001bc10 f i ConvexHullUtils.obj
 0001:0001ac70       ?growAndPushBack@?$Array@VHalfEdge@ConvexHull@physx@@VNamedAllocator@shdfnd@3@@shdfnd@physx@@IEAAAEAVHalfEdge@ConvexHull@3@AEBV453@@Z 000000018001bc70 f i ConvexHullUtils.obj
 0001:0001ad40       ?growAndPushBack@?$Array@VPxPlane@physx@@VNamedAllocator@shdfnd@2@@shdfnd@physx@@IEAAAEAVPxPlane@3@AEBV43@@Z 000000018001bd40 f i ConvexHullUtils.obj
 0001:0001ae20       ?isValid@Box@Gu@physx@@QEBA_NXZ 000000018001be20 f i ConvexHullUtils.obj
 0001:0001ae40       ?recreate@?$Array@VHalfEdge@ConvexHull@physx@@VNamedAllocator@shdfnd@3@@shdfnd@physx@@IEAAXI@Z 000000018001be40 f i ConvexHullUtils.obj
 0001:0001aef0       ?recreate@?$Array@VPxPlane@physx@@VNamedAllocator@shdfnd@2@@shdfnd@physx@@IEAAXI@Z 000000018001bef0 f i ConvexHullUtils.obj
 0001:0001af90       ?resize@?$Array@VHalfEdge@ConvexHull@physx@@VNamedAllocator@shdfnd@3@@shdfnd@physx@@QEAAXIAEBVHalfEdge@ConvexHull@3@@Z 000000018001bf90 f i ConvexHullUtils.obj
 0001:0001b050       ?resize@?$Array@VPxPlane@physx@@VNamedAllocator@shdfnd@2@@shdfnd@physx@@QEAAXIAEBVPxPlane@3@@Z 000000018001c050 f i ConvexHullUtils.obj
 0001:0001b170       ?resize@?$Array@VPxVec3@physx@@VNamedAllocator@shdfnd@2@@shdfnd@physx@@QEAAXIAEBVPxVec3@3@@Z 000000018001c170 f i ConvexHullUtils.obj
 0001:0001b260       ?rotate@Box@Gu@physx@@QEBA?AVPxVec3@3@AEBV43@@Z 000000018001c260 f i ConvexHullUtils.obj
 0001:0001b2f0       ?rotateInv@Box@Gu@physx@@QEBA?AVPxVec3@3@AEBV43@@Z 000000018001c2f0 f i ConvexHullUtils.obj
 0001:0001b380       ?setAxes@Box@Gu@physx@@QEAAXAEBVPxVec3@3@00@Z 000000018001c380 f i ConvexHullUtils.obj
 0001:0001b3c0       ?setEmpty@Box@Gu@physx@@QEAAXXZ 000000018001c3c0 f i ConvexHullUtils.obj
 0001:0001b400       ?transform@Box@Gu@physx@@QEBA?AVPxVec3@3@AEBV43@@Z 000000018001c400 f i ConvexHullUtils.obj
 0001:0001b4a0       ??0ConvexMeshBuilder@physx@@QEAA@_N@Z 000000018001c4a0 f   ConvexMeshBuilder.obj
 0001:0001b510       ??1ConvexMeshBuilder@physx@@QEAA@XZ 000000018001c510 f   ConvexMeshBuilder.obj
 0001:0001b570       ?build@ConvexMeshBuilder@physx@@QEAA_NAEBVPxConvexMeshDesc@2@I_NPEAVConvexHullLib@2@@Z 000000018001c570 f   ConvexMeshBuilder.obj
 0001:0001b8a0       ?save@ConvexMeshBuilder@physx@@QEBA_NAEAVPxOutputStream@2@_N@Z 000000018001c8a0 f   ConvexMeshBuilder.obj
 0001:0001bac0       ?copy@ConvexMeshBuilder@physx@@QEAA_NAEAUConvexHullInitData@Gu@2@@Z 000000018001cac0 f   ConvexMeshBuilder.obj
 0001:0001bbf0       ?loadConvexHull@ConvexMeshBuilder@physx@@QEAA_NAEBVPxConvexMeshDesc@2@PEAVConvexHullLib@2@@Z 000000018001cbf0 f   ConvexMeshBuilder.obj
 0001:0001be80       ?computeHullPolygons@ConvexMeshBuilder@physx@@QEAA_NAEBIPEBVPxVec3@2@0PEBIAEAVPxAllocatorCallback@2@AEAIAEAPEAV32@4AEAPEAI4AEAPEAUPxHullPolygon@2@@Z 000000018001ce80 f   ConvexMeshBuilder.obj
 0001:0001c0a0       ?computeGaussMaps@ConvexMeshBuilder@physx@@QEAA_NXZ 000000018001d0a0 f   ConvexMeshBuilder.obj
 0001:0001c1a0       ?computeMassInfo@ConvexMeshBuilder@physx@@QEAAX_N@Z 000000018001d1a0 f   ConvexMeshBuilder.obj
 0001:0001c570       ?computeInternalObjects@ConvexMeshBuilder@physx@@QEAAXXZ 000000018001d570 f   ConvexMeshBuilder.obj
 0001:0001c9f0       ?isFinite@PxVec3@physx@@QEBA_NXZ 000000018001d9f0 f i ConvexMeshBuilder.obj
 0001:0001ca50       ??0ConvexPolygonsBuilder@physx@@QEAA@PEAUConvexHullData@Gu@1@_N@Z 000000018001da50 f   ConvexPolygonsBuilder.obj
 0001:0001ca80       ??1ConvexPolygonsBuilder@physx@@QEAA@XZ 000000018001da80 f   ConvexPolygonsBuilder.obj
 0001:0001cad0       ?computeHullPolygons@ConvexPolygonsBuilder@physx@@QEAA_NAEBIPEBVPxVec3@2@0PEBI@Z 000000018001dad0 f   ConvexPolygonsBuilder.obj
 0001:0001cdd0       ?createPolygonData@ConvexPolygonsBuilder@physx@@AEAA_NXZ 000000018001ddd0 f   ConvexPolygonsBuilder.obj
 0001:0001da00       ?createTrianglesFromPolygons@ConvexPolygonsBuilder@physx@@AEAA_NXZ 000000018001ea00 f   ConvexPolygonsBuilder.obj
 0001:0001e320       ??$copy@VNamedAllocator@shdfnd@physx@@@?$Array@VPair@@VNamedAllocator@shdfnd@physx@@@shdfnd@physx@@IEAAXAEBV012@@Z 000000018001f320 f i ConvexPolygonsBuilder.obj
 0001:0001f120       ?allocate@?$Array@VPair@@VNamedAllocator@shdfnd@physx@@@shdfnd@physx@@IEAAPEAVPair@@I@Z 0000000180020120 f i ConvexPolygonsBuilder.obj
 0001:000206a0       ?growAndPushBack@?$Array@VPair@@VNamedAllocator@shdfnd@physx@@@shdfnd@physx@@IEAAAEAVPair@@AEBV4@@Z 00000001800216a0 f i ConvexPolygonsBuilder.obj
 0001:00020780       ??0QuickHullConvexHullLib@physx@@QEAA@AEBVPxConvexMeshDesc@1@AEBUPxCookingParams@1@@Z 0000000180021780 f   QuickHullConvexHullLib.obj
 0001:00020870       ??1QuickHullConvexHullLib@physx@@UEAA@XZ 0000000180021870 f   QuickHullConvexHullLib.obj
 0001:00020930       ?createConvexHull@QuickHullConvexHullLib@physx@@UEAA?AW4Enum@PxConvexMeshCookingResult@2@XZ 0000000180021930 f   QuickHullConvexHullLib.obj
 0001:00020ed0       ?fillConvexMeshDesc@QuickHullConvexHullLib@physx@@UEAAXAEAVPxConvexMeshDesc@2@@Z 0000000180021ed0 f   QuickHullConvexHullLib.obj
 0001:00020f20       ?createEdgeList@QuickHullConvexHullLib@physx@@UEAA_NIPEBEPEAPEAEPEAPEAG2@Z 0000000180021f20 f   QuickHullConvexHullLib.obj
 0001:00021160       ?expandHullOBB@QuickHullConvexHullLib@physx@@IEAA?AW4Enum@PxConvexMeshCookingResult@2@XZ 0000000180022160 f   QuickHullConvexHullLib.obj
 0001:000215a0       ?expandHull@QuickHullConvexHullLib@physx@@IEAA?AW4Enum@PxConvexMeshCookingResult@2@XZ 00000001800225a0 f   QuickHullConvexHullLib.obj
 0001:00021e10       ?cleanupForSimplex@QuickHullConvexHullLib@physx@@IEAA_NPEAVPxVec3@2@IPEAUQuickHullVertex@local@@1AEAM2@Z 0000000180022e10 f   QuickHullConvexHullLib.obj
 0001:000229e0       ?fillConvexMeshDescFromQuickHull@QuickHullConvexHullLib@physx@@IEAAXAEAVPxConvexMeshDesc@2@@Z 00000001800239e0 f   QuickHullConvexHullLib.obj
 0001:00022d60       ?fillConvexMeshDescFromCroppedHull@QuickHullConvexHullLib@physx@@IEAAXAEAVPxConvexMeshDesc@2@@Z 0000000180023d60 f   QuickHullConvexHullLib.obj
 0001:00022f60       ?getOppositeFaceDistance@QuickHullHalfEdge@local@@QEBAMXZ 0000000180023f60 f   QuickHullConvexHullLib.obj
 0001:00022fa0       ?mergeAdjacentFace@QuickHullFace@local@@QEAA_NPEAUQuickHullHalfEdge@2@AEAV?$Array@PEAUQuickHullFace@local@@VNamedAllocator@shdfnd@physx@@@shdfnd@physx@@@Z 0000000180023fa0 f   QuickHullConvexHullLib.obj
 0001:000233f0       ?checkFaceConsistency@QuickHullFace@local@@QEAA_NXZ 00000001800243f0 f   QuickHullConvexHullLib.obj
 0001:00023400       ?connectHalfEdges@QuickHullFace@local@@AEAAPEAU12@PEAUQuickHullHalfEdge@2@0@Z 0000000180024400 f   QuickHullConvexHullLib.obj
 0001:00023770       ??0QuickHull@local@@QEAA@AEBUPxCookingParams@physx@@AEBVPxConvexMeshDesc@3@@Z 0000000180024770 f   QuickHullConvexHullLib.obj
 0001:00023970       ??1QuickHull@local@@QEAA@XZ 0000000180024970 f   QuickHullConvexHullLib.obj
 0001:00023ac0       ?preallocate@QuickHull@local@@QEAAXI@Z 0000000180024ac0 f   QuickHullConvexHullLib.obj
 0001:00023c10       ?parseInputVertices@QuickHull@local@@QEAAXPEBVPxVec3@physx@@I@Z 0000000180024c10 f   QuickHullConvexHullLib.obj
 0001:00023da0       ?releaseHull@QuickHull@local@@QEAAXXZ 0000000180024da0 f   QuickHullConvexHullLib.obj
 0001:00023e00       ?setPrecomputedMinMax@QuickHull@local@@QEAAXPEBUQuickHullVertex@2@0MM@Z 0000000180024e00 f   QuickHullConvexHullLib.obj
 0001:00023f90       ?buildHull@QuickHull@local@@QEAA?AW4Enum@QuickHullResult@2@XZ 0000000180024f90 f   QuickHullConvexHullLib.obj
 0001:000241b0       ?maxNumVertsPerFace@QuickHull@local@@QEBAIXZ 00000001800251b0 f   QuickHullConvexHullLib.obj
 0001:000241f0       ?computeMinMaxVerts@QuickHull@local@@IEAAXXZ 00000001800251f0 f   QuickHullConvexHullLib.obj
 0001:000245d0       ?findSimplex@QuickHull@local@@IEAA_NXZ 00000001800255d0 f   QuickHullConvexHullLib.obj
 0001:00025280       ?addSimplex@QuickHull@local@@IEAAXPEAUQuickHullVertex@2@_N@Z 0000000180026280 f   QuickHullConvexHullLib.obj
 0001:00025750       ?nextPointToAdd@QuickHull@local@@IEAAPEAUQuickHullVertex@2@AEAPEAUQuickHullFace@2@@Z 0000000180026750 f   QuickHullConvexHullLib.obj
 0001:000258d0       ?addPointToHull@QuickHull@local@@IEAA_NPEBUQuickHullVertex@2@AEAUQuickHullFace@2@AEA_N@Z 00000001800268d0 f   QuickHullConvexHullLib.obj
 0001:00025cd0       ?createTriangle@QuickHull@local@@IEAAPEAUQuickHullFace@2@AEBUQuickHullVertex@2@00@Z 0000000180026cd0 f   QuickHullConvexHullLib.obj
 0001:00026070       ?addPointToFace@QuickHull@local@@IEAAXAEAUQuickHullFace@2@PEAUQuickHullVertex@2@M@Z 0000000180027070 f   QuickHullConvexHullLib.obj
 0001:000260c0       ?removeEyePointFromFace@QuickHull@local@@IEAAXAEAUQuickHullFace@2@PEBUQuickHullVertex@2@@Z 00000001800270c0 f   QuickHullConvexHullLib.obj
 0001:000260e0       ?calculateHorizon@QuickHull@local@@IEAAXAEBVPxVec3@physx@@PEAUQuickHullHalfEdge@2@AEAUQuickHullFace@2@AEAV?$Array@PEAUQuickHullHalfEdge@local@@VNamedAllocator@shdfnd@physx@@@shdfnd@4@AEAV?$Array@PEAUQuickHullFace@local@@VNamedAllocator@shdfnd@physx@@@84@@Z 00000001800270e0 f   QuickHullConvexHullLib.obj
 0001:00026290       ?addNewFacesFromHorizon@QuickHull@local@@IEAAXPEBUQuickHullVertex@2@AEBV?$Array@PEAUQuickHullHalfEdge@local@@VNamedAllocator@shdfnd@physx@@@shdfnd@physx@@AEAV?$Array@PEAUQuickHullFace@local@@VNamedAllocator@shdfnd@physx@@@56@@Z 0000000180027290 f   QuickHullConvexHullLib.obj
 0001:000263e0       ?doAdjacentMerge@QuickHull@local@@IEAA_NAEAUQuickHullFace@2@_NAEA_N@Z 00000001800273e0 f   QuickHullConvexHullLib.obj
 0001:00026670       ?doPostAdjacentMerge@QuickHull@local@@IEAA_NAEAUQuickHullFace@2@M@Z 0000000180027670 f   QuickHullConvexHullLib.obj
 0001:000267b0       ?deleteFacePoints@QuickHull@local@@IEAAXAEAUQuickHullFace@2@PEAU32@@Z 00000001800277b0 f   QuickHullConvexHullLib.obj
 0001:000268c0       ?resolveUnclaimedPoints@QuickHull@local@@IEAAXAEBV?$Array@PEAUQuickHullFace@local@@VNamedAllocator@shdfnd@physx@@@shdfnd@physx@@@Z 00000001800278c0 f   QuickHullConvexHullLib.obj
 0001:00026b40       ?postMergeHull@QuickHull@local@@IEAAXXZ 0000000180027b40 f   QuickHullConvexHullLib.obj
 0001:00026cc0       ?canMergeFaces@QuickHull@local@@IEAA_NAEBUQuickHullHalfEdge@2@@Z 0000000180027cc0 f   QuickHullConvexHullLib.obj
 0001:000274f0       ?getExpandPoint@local@@YAXAEBUQuickHullHalfEdge@1@AEAUExpandPoint@1@PEBV?$Array@IVNamedAllocator@shdfnd@physx@@@shdfnd@physx@@@Z 00000001800284f0 f   QuickHullConvexHullLib.obj
 0001:000275a0       ?addExpandPoint@local@@YAXAEBUExpandPoint@1@AEAV?$Array@UExpandPoint@local@@VNamedAllocator@shdfnd@physx@@@shdfnd@physx@@@Z 00000001800285a0 f   QuickHullConvexHullLib.obj
 0001:00027680       ??0PxPlane@physx@@QEAA@AEBV01@@Z 0000000180028680 f i QuickHullConvexHullLib.obj
 0001:000276a0       ??0QuickHullVertex@local@@QEAA@XZ 00000001800286a0 f i QuickHullConvexHullLib.obj
 0001:000276b0       ??1?$MemBlock@UQuickHullFace@local@@$00@local@@QEAA@XZ 00000001800286b0 f i QuickHullConvexHullLib.obj
 0001:00027730       ??1?$MemBlock@UQuickHullHalfEdge@local@@$0A@@local@@QEAA@XZ 0000000180028730 f i QuickHullConvexHullLib.obj
 0001:000277b0       ??_GConvexHull@physx@@QEAAPEAXI@Z 00000001800287b0 f i QuickHullConvexHullLib.obj
 0001:00027880       ??_GQuickHull@local@@QEAAPEAXI@Z 0000000180028880 f i QuickHullConvexHullLib.obj
 0001:00027a20       ??_GQuickHullConvexHullLib@physx@@UEAAPEAXI@Z 0000000180028a20 f i QuickHullConvexHullLib.obj
 0001:00027a20       ??_EQuickHullConvexHullLib@physx@@UEAAPEAXI@Z 0000000180028a20 f i QuickHullConvexHullLib.obj
 0001:00027b10       ??__G@YAXPEAX0_K1P6APEAX00@Z@Z 0000000180028b10 f i QuickHullConvexHullLib.obj
 0001:00027b70       ?copy@?$Array@UExpandPoint@local@@VNamedAllocator@shdfnd@physx@@@shdfnd@physx@@KAXPEAUExpandPoint@local@@0PEBU45@@Z 0000000180028b70 f i QuickHullConvexHullLib.obj
 0001:00027c20       ?getFreeItem@?$MemBlock@UQuickHullFace@local@@$00@local@@QEAAPEAUQuickHullFace@2@XZ 0000000180028c20 f i QuickHullConvexHullLib.obj
 0001:00027d50       ?getFreeItem@?$MemBlock@UQuickHullHalfEdge@local@@$0A@@local@@QEAAPEAUQuickHullHalfEdge@2@XZ 0000000180028d50 f i QuickHullConvexHullLib.obj
 0001:00027e30       ?growAndPushBack@?$Array@PEAUQuickHullFace@local@@VNamedAllocator@shdfnd@physx@@@shdfnd@physx@@IEAAAEAPEAUQuickHullFace@local@@AEBQEAU45@@Z 0000000180028e30 f i QuickHullConvexHullLib.obj
 0001:00027f00       ?growAndPushBack@?$Array@PEAUQuickHullHalfEdge@local@@VNamedAllocator@shdfnd@physx@@@shdfnd@physx@@IEAAAEAPEAUQuickHullHalfEdge@local@@AEBQEAU45@@Z 0000000180028f00 f i QuickHullConvexHullLib.obj
 0001:00027fd0       ?growAndPushBack@?$Array@PEAUQuickHullVertex@local@@VNamedAllocator@shdfnd@physx@@@shdfnd@physx@@IEAAAEAPEAUQuickHullVertex@local@@AEBQEAU45@@Z 0000000180028fd0 f i QuickHullConvexHullLib.obj
 0001:000280a0       ?growAndPushBack@?$Array@UExpandPoint@local@@VNamedAllocator@shdfnd@physx@@@shdfnd@physx@@IEAAAEAUExpandPoint@local@@AEBU45@@Z 00000001800290a0 f i QuickHullConvexHullLib.obj
 0001:000281d0       ?init@?$MemBlock@UQuickHullFace@local@@$00@local@@QEAAXI@Z 00000001800291d0 f i QuickHullConvexHullLib.obj
 0001:000282b0       ?init@?$MemBlock@UQuickHullHalfEdge@local@@$0A@@local@@QEAAXI@Z 00000001800292b0 f i QuickHullConvexHullLib.obj
 0001:00028350       ?recreate@?$Array@PEAUQuickHullFace@local@@VNamedAllocator@shdfnd@physx@@@shdfnd@physx@@IEAAXI@Z 0000000180029350 f i QuickHullConvexHullLib.obj
 0001:00028400       ?recreate@?$Array@PEAUQuickHullHalfEdge@local@@VNamedAllocator@shdfnd@physx@@@shdfnd@physx@@IEAAXI@Z 0000000180029400 f i QuickHullConvexHullLib.obj
 0001:000284b0       ?recreate@?$Array@PEAUQuickHullVertex@local@@VNamedAllocator@shdfnd@physx@@@shdfnd@physx@@IEAAXI@Z 00000001800294b0 f i QuickHullConvexHullLib.obj
 0001:00028560       ?recreate@?$Array@UExpandPoint@local@@VNamedAllocator@shdfnd@physx@@@shdfnd@physx@@IEAAXI@Z 0000000180029560 f i QuickHullConvexHullLib.obj
 0001:00028600       ?computeVolumeIntegrals@physx@@YA_NAEBVPxSimpleTriangleMesh@1@MAEAUPxIntegrals@1@@Z 0000000180029600 f   VolumeIntegration.obj
 0001:00028670       ?computeVolumeIntegralsEberly@physx@@YA_NAEBVPxConvexMeshDesc@1@MAEAUPxIntegrals@1@AEBVPxVec3@1@@Z 0000000180029670 f   VolumeIntegration.obj
 0001:000286c0       ?computeVolumeIntegralsEberlySIMD@physx@@YA_NAEBVPxConvexMeshDesc@1@MAEAUPxIntegrals@1@AEBVPxVec3@1@@Z 00000001800296c0 f   VolumeIntegration.obj
 0001:0002aa80       PxSetPhysXCookingDelayLoadHook 000000018002ba80 f   WindowsCookingDelayLoadHook.obj
 0001:0002aa90       ?cookingDelayHook@@YAP6A_JXZIPEAUDelayLoadInfo@@@Z 000000018002ba90 f   WindowsCookingDelayLoadHook.obj
 0001:0002ab68       __imp_load_??0RadixSortBuffered@Cm@physx@@QEAA@XZ 000000018002bb68 f   PhysXCommon_64:PhysXCommon_64.dll
 0001:0002ab74       ??0RadixSortBuffered@Cm@physx@@QEAA@XZ 000000018002bb74 f   PhysXCommon_64:PhysXCommon_64.dll
 0001:0002ab7a       __tailMerge_physxcommon_64_dll 000000018002bb7a     PhysXCommon_64:PhysXCommon_64.dll
 0001:0002abf3       __imp_load_??1RadixSortBuffered@Cm@physx@@UEAA@XZ 000000018002bbf3 f   PhysXCommon_64:PhysXCommon_64.dll
 0001:0002abff       ??1RadixSortBuffered@Cm@physx@@UEAA@XZ 000000018002bbff f   PhysXCommon_64:PhysXCommon_64.dll
 0001:0002ac05       __imp_load_?Sort@RadixSortBuffered@Cm@physx@@QEAAAEAV123@PEBIIW4RadixHint@23@@Z 000000018002bc05 f   PhysXCommon_64:PhysXCommon_64.dll
 0001:0002ac11       ?Sort@RadixSortBuffered@Cm@physx@@QEAAAEAV123@PEBIIW4RadixHint@23@@Z 000000018002bc11 f   PhysXCommon_64:PhysXCommon_64.dll
 0001:0002ac17       __imp_load_?readDword@physx@@YAI_NAEAVPxInputStream@1@@Z 000000018002bc17 f   PhysXCommon_64:PhysXCommon_64.dll
 0001:0002ac23       ?readDword@physx@@YAI_NAEAVPxInputStream@1@@Z 000000018002bc23 f   PhysXCommon_64:PhysXCommon_64.dll
 0001:0002ac29       __imp_load_?ReadHeader@Gu@physx@@YA_NEEEEAEAIAEA_NAEAVPxInputStream@2@@Z 000000018002bc29 f   PhysXCommon_64:PhysXCommon_64.dll
 0001:0002ac35       ?ReadHeader@Gu@physx@@YA_NEEEEAEAIAEA_NAEAVPxInputStream@2@@Z 000000018002bc35 f   PhysXCommon_64:PhysXCommon_64.dll
 0001:0002ac3b       __imp_load_??0HeightField@Gu@physx@@QEAA@PEAVGuMeshFactory@2@@Z 000000018002bc3b f   PhysXCommon_64:PhysXCommon_64.dll
 0001:0002ac47       ??0HeightField@Gu@physx@@QEAA@PEAVGuMeshFactory@2@@Z 000000018002bc47 f   PhysXCommon_64:PhysXCommon_64.dll
 0001:0002ac4d       __imp_load_?loadFromDesc@HeightField@Gu@physx@@QEAA_NAEBVPxHeightFieldDesc@3@@Z 000000018002bc4d f   PhysXCommon_64:PhysXCommon_64.dll
 0001:0002ac59       ?loadFromDesc@HeightField@Gu@physx@@QEAA_NAEBVPxHeightFieldDesc@3@@Z 000000018002bc59 f   PhysXCommon_64:PhysXCommon_64.dll
 0001:0002ac5f       __imp_load_?computeCellCoordinates@HeightField@Gu@physx@@QEBAIMMAEAM0@Z 000000018002bc5f f   PhysXCommon_64:PhysXCommon_64.dll
 0001:0002ac6b       ?computeCellCoordinates@HeightField@Gu@physx@@QEBAIMMAEAM0@Z 000000018002bc6b f   PhysXCommon_64:PhysXCommon_64.dll
 0001:0002ac71       __imp_load_?releaseMemory@HeightField@Gu@physx@@QEAAXXZ 000000018002bc71 f   PhysXCommon_64:PhysXCommon_64.dll
 0001:0002ac7d       ?releaseMemory@HeightField@Gu@physx@@QEAAXXZ 000000018002bc7d f   PhysXCommon_64:PhysXCommon_64.dll
 0001:0002ac83       __imp_load_??1HeightField@Gu@physx@@UEAA@XZ 000000018002bc83 f   PhysXCommon_64:PhysXCommon_64.dll
 0001:0002ac8f       ??1HeightField@Gu@physx@@UEAA@XZ 000000018002bc8f f   PhysXCommon_64:PhysXCommon_64.dll
 0001:0002ac95       __imp_load_??0NodeAllocator@Gu@physx@@QEAA@XZ 000000018002bc95 f   PhysXCommon_64:PhysXCommon_64.dll
 0001:0002aca1       ??0NodeAllocator@Gu@physx@@QEAA@XZ 000000018002bca1 f   PhysXCommon_64:PhysXCommon_64.dll
 0001:0002aca7       __imp_load_??1NodeAllocator@Gu@physx@@QEAA@XZ 000000018002bca7 f   PhysXCommon_64:PhysXCommon_64.dll
 0001:0002acb3       ??1NodeAllocator@Gu@physx@@QEAA@XZ 000000018002bcb3 f   PhysXCommon_64:PhysXCommon_64.dll
 0001:0002acb9       __imp_load_?release@NodeAllocator@Gu@physx@@QEAAXXZ 000000018002bcb9 f   PhysXCommon_64:PhysXCommon_64.dll
 0001:0002acc5       ?release@NodeAllocator@Gu@physx@@QEAAXXZ 000000018002bcc5 f   PhysXCommon_64:PhysXCommon_64.dll
 0001:0002accb       __imp_load_?buildAABBTree@Gu@physx@@YA_NAEAVAABBTreeBuildParams@12@AEAVNodeAllocator@12@AEAUBuildStats@12@AEAPEAI@Z 000000018002bccb f   PhysXCommon_64:PhysXCommon_64.dll
 0001:0002acd7       ?buildAABBTree@Gu@physx@@YA_NAEAVAABBTreeBuildParams@12@AEAVNodeAllocator@12@AEAUBuildStats@12@AEAPEAI@Z 000000018002bcd7 f   PhysXCommon_64:PhysXCommon_64.dll
 0001:0002acdd       __imp_load_?writeDword@physx@@YAXI_NAEAVPxOutputStream@1@@Z 000000018002bcdd f   PhysXCommon_64:PhysXCommon_64.dll
 0001:0002ace9       ?writeDword@physx@@YAXI_NAEAVPxOutputStream@1@@Z 000000018002bce9 f   PhysXCommon_64:PhysXCommon_64.dll
 0001:0002acef       __imp_load_?writeFloatBuffer@physx@@YAXPEBMI_NAEAVPxOutputStream@1@@Z 000000018002bcef f   PhysXCommon_64:PhysXCommon_64.dll
 0001:0002acfb       ?writeFloatBuffer@physx@@YAXPEBMI_NAEAVPxOutputStream@1@@Z 000000018002bcfb f   PhysXCommon_64:PhysXCommon_64.dll
 0001:0002ad01       __imp_load_?writeHeader@physx@@YA_NCCCCI_NAEAVPxOutputStream@1@@Z 000000018002bd01 f   PhysXCommon_64:PhysXCommon_64.dll
 0001:0002ad0d       ?writeHeader@physx@@YA_NCCCCI_NAEAVPxOutputStream@1@@Z 000000018002bd0d f   PhysXCommon_64:PhysXCommon_64.dll
 0001:0002ad13       __imp_load_?writeWord@physx@@YAXG_NAEAVPxOutputStream@1@@Z 000000018002bd13 f   PhysXCommon_64:PhysXCommon_64.dll
 0001:0002ad1f       ?writeWord@physx@@YAXG_NAEAVPxOutputStream@1@@Z 000000018002bd1f f   PhysXCommon_64:PhysXCommon_64.dll
 0001:0002ad25       __imp_load_?writeFloat@physx@@YAXM_NAEAVPxOutputStream@1@@Z 000000018002bd25 f   PhysXCommon_64:PhysXCommon_64.dll
 0001:0002ad31       ?writeFloat@physx@@YAXM_NAEAVPxOutputStream@1@@Z 000000018002bd31 f   PhysXCommon_64:PhysXCommon_64.dll
 0001:0002ad37       __imp_load_?computeBoundsAroundVertices@Gu@physx@@YAXAEAVPxBounds3@2@IPEIBVPxVec3@2@@Z 000000018002bd37 f   PhysXCommon_64:PhysXCommon_64.dll
 0001:0002ad43       ?computeBoundsAroundVertices@Gu@physx@@YAXAEAVPxBounds3@2@IPEIBVPxVec3@2@@Z 000000018002bd43 f   PhysXCommon_64:PhysXCommon_64.dll
 0001:0002ad49       __imp_load_??0SourceMesh@Gu@physx@@QEAA@XZ 000000018002bd49 f   PhysXCommon_64:PhysXCommon_64.dll
 0001:0002ad55       ??0SourceMesh@Gu@physx@@QEAA@XZ 000000018002bd55 f   PhysXCommon_64:PhysXCommon_64.dll
 0001:0002ad5b       __imp_load_??1SourceMesh@Gu@physx@@QEAA@XZ 000000018002bd5b f   PhysXCommon_64:PhysXCommon_64.dll
 0001:0002ad67       ??1SourceMesh@Gu@physx@@QEAA@XZ 000000018002bd67 f   PhysXCommon_64:PhysXCommon_64.dll
 0001:0002ad6d       __imp_load_??0BV4Tree@Gu@physx@@QEAA@XZ 000000018002bd6d f   PhysXCommon_64:PhysXCommon_64.dll
 0001:0002ad79       ??0BV4Tree@Gu@physx@@QEAA@XZ 000000018002bd79 f   PhysXCommon_64:PhysXCommon_64.dll
 0001:0002ad7f       __imp_load_??1BV4Tree@Gu@physx@@QEAA@XZ 000000018002bd7f f   PhysXCommon_64:PhysXCommon_64.dll
 0001:0002ad8b       ??1BV4Tree@Gu@physx@@QEAA@XZ 000000018002bd8b f   PhysXCommon_64:PhysXCommon_64.dll
 0001:0002ad91       __imp_load_??0BV32Tree@Gu@physx@@QEAA@XZ 000000018002bd91 f   PhysXCommon_64:PhysXCommon_64.dll
 0001:0002ad9d       ??0BV32Tree@Gu@physx@@QEAA@XZ 000000018002bd9d f   PhysXCommon_64:PhysXCommon_64.dll
 0001:0002ada3       __imp_load_??1BV32Tree@Gu@physx@@QEAA@XZ 000000018002bda3 f   PhysXCommon_64:PhysXCommon_64.dll
 0001:0002adaf       ??1BV32Tree@Gu@physx@@QEAA@XZ 000000018002bdaf f   PhysXCommon_64:PhysXCommon_64.dll
 0001:0002adb5       __imp_load_?writeWordBuffer@physx@@YAXPEBGI_NAEAVPxOutputStream@1@@Z 000000018002bdb5 f   PhysXCommon_64:PhysXCommon_64.dll
 0001:0002adc1       ?writeWordBuffer@physx@@YAXPEBGI_NAEAVPxOutputStream@1@@Z 000000018002bdc1 f   PhysXCommon_64:PhysXCommon_64.dll
 0001:0002adc7       __imp_load_?computeMaxIndex@physx@@YAIPEBII@Z 000000018002bdc7 f   PhysXCommon_64:PhysXCommon_64.dll
 0001:0002add3       ?computeMaxIndex@physx@@YAIPEBII@Z 000000018002bdd3 f   PhysXCommon_64:PhysXCommon_64.dll
 0001:0002add9       __imp_load_?storeIndices@physx@@YAXIIPEBIAEAVPxOutputStream@1@_N@Z 000000018002bdd9 f   PhysXCommon_64:PhysXCommon_64.dll
 0001:0002ade5       ?storeIndices@physx@@YAXIIPEBIAEAVPxOutputStream@1@_N@Z 000000018002bde5 f   PhysXCommon_64:PhysXCommon_64.dll
 0001:0002adeb       __imp_load_?BuildBV4Ex@Gu@physx@@YA_NAEAVBV4Tree@12@AEAVSourceMesh@12@MI@Z 000000018002bdeb f   PhysXCommon_64:PhysXCommon_64.dll
 0001:0002adf7       ?BuildBV4Ex@Gu@physx@@YA_NAEAVBV4Tree@12@AEAVSourceMesh@12@MI@Z 000000018002bdf7 f   PhysXCommon_64:PhysXCommon_64.dll
 0001:0002adfd       __imp_load_?BuildBV32Ex@Gu@physx@@YA_NAEAVBV32Tree@12@AEAVSourceMesh@12@MI@Z 000000018002bdfd f   PhysXCommon_64:PhysXCommon_64.dll
 0001:0002ae09       ?BuildBV32Ex@Gu@physx@@YA_NAEAVBV32Tree@12@AEAVSourceMesh@12@MI@Z 000000018002be09 f   PhysXCommon_64:PhysXCommon_64.dll
 0001:0002ae0f       __imp_load_?computeMaxIndex@physx@@YAGPEBGI@Z 000000018002be0f f   PhysXCommon_64:PhysXCommon_64.dll
 0001:0002ae1b       ?computeMaxIndex@physx@@YAGPEBGI@Z 000000018002be1b f   PhysXCommon_64:PhysXCommon_64.dll
 0001:0002ae21       __imp_load_?WriteHeader@Gu@physx@@YA_NEEEEI_NAEAVPxOutputStream@2@@Z 000000018002be21 f   PhysXCommon_64:PhysXCommon_64.dll
 0001:0002ae2d       ?WriteHeader@Gu@physx@@YA_NEEEEI_NAEAVPxOutputStream@2@@Z 000000018002be2d f   PhysXCommon_64:PhysXCommon_64.dll
 0001:0002ae33       __imp_load_?StoreIndices@Gu@physx@@YAXGIPEBGAEAVPxOutputStream@2@_N@Z 000000018002be33 f   PhysXCommon_64:PhysXCommon_64.dll
 0001:0002ae3f       ?StoreIndices@Gu@physx@@YAXGIPEBGAEAVPxOutputStream@2@_N@Z 000000018002be3f f   PhysXCommon_64:PhysXCommon_64.dll
 0001:0002ae45       __imp_load_?CreateOffsets@BigConvexData@physx@@IEAAXXZ 000000018002be45 f   PhysXCommon_64:PhysXCommon_64.dll
 0001:0002ae51       ?CreateOffsets@BigConvexData@physx@@IEAAXXZ 000000018002be51 f   PhysXCommon_64:PhysXCommon_64.dll
 0001:0002ae57       __imp_load_?computeOBBPoints@Gu@physx@@YAXPEIAVPxVec3@2@AEBV32@1111@Z 000000018002be57 f   PhysXCommon_64:PhysXCommon_64.dll
 0001:0002ae63       ?computeOBBPoints@Gu@physx@@YAXPEIAVPxVec3@2@AEBV32@1111@Z 000000018002be63 f   PhysXCommon_64:PhysXCommon_64.dll
 0001:0002ae69       __imp_load_??0BigConvexData@physx@@QEAA@XZ 000000018002be69 f   PhysXCommon_64:PhysXCommon_64.dll
 0001:0002ae75       ??0BigConvexData@physx@@QEAA@XZ 000000018002be75 f   PhysXCommon_64:PhysXCommon_64.dll
 0001:0002ae7b       __imp_load_??1BigConvexData@physx@@QEAA@XZ 000000018002be7b f   PhysXCommon_64:PhysXCommon_64.dll
 0001:0002ae87       ??1BigConvexData@physx@@QEAA@XZ 000000018002be87 f   PhysXCommon_64:PhysXCommon_64.dll
 0001:0002ae8d       __imp_load_PxGetFoundation 000000018002be8d f   PhysXFoundation_64:PhysXFoundation_64.dll
 0001:0002ae99       PxGetFoundation            000000018002be99 f   PhysXFoundation_64:PhysXFoundation_64.dll
 0001:0002ae9f       __tailMerge_physxfoundation_64_dll 000000018002be9f     PhysXFoundation_64:PhysXFoundation_64.dll
 0001:0002af18       __imp_load_?getAllocator@shdfnd@physx@@YAAEAVPxAllocatorCallback@2@XZ 000000018002bf18 f   PhysXFoundation_64:PhysXFoundation_64.dll
 0001:0002af24       ?getAllocator@shdfnd@physx@@YAAEAVPxAllocatorCallback@2@XZ 000000018002bf24 f   PhysXFoundation_64:PhysXFoundation_64.dll
 0001:0002af2a       __imp_load_??0NamedAllocator@shdfnd@physx@@QEAA@PEBD@Z 000000018002bf2a f   PhysXFoundation_64:PhysXFoundation_64.dll
 0001:0002af36       ??0NamedAllocator@shdfnd@physx@@QEAA@PEBD@Z 000000018002bf36 f   PhysXFoundation_64:PhysXFoundation_64.dll
 0001:0002af3c       __imp_load_?getInstance@Foundation@shdfnd@physx@@SAAEAV123@XZ 000000018002bf3c f   PhysXFoundation_64:PhysXFoundation_64.dll
 0001:0002af48       ?getInstance@Foundation@shdfnd@physx@@SAAEAV123@XZ 000000018002bf48 f   PhysXFoundation_64:PhysXFoundation_64.dll
 0001:0002af4e       __imp_load_?error@Foundation@shdfnd@physx@@QEAAXW4Enum@PxErrorCode@3@PEBDH1ZZ 000000018002bf4e f   PhysXFoundation_64:PhysXFoundation_64.dll
 0001:0002af5a       ?error@Foundation@shdfnd@physx@@QEAAXW4Enum@PxErrorCode@3@PEBDH1ZZ 000000018002bf5a f   PhysXFoundation_64:PhysXFoundation_64.dll
 0001:0002af60       __imp_load_?allocate@NamedAllocator@shdfnd@physx@@QEAAPEAX_KPEBDH@Z 000000018002bf60 f   PhysXFoundation_64:PhysXFoundation_64.dll
 0001:0002af6c       ?allocate@NamedAllocator@shdfnd@physx@@QEAAPEAX_KPEBDH@Z 000000018002bf6c f   PhysXFoundation_64:PhysXFoundation_64.dll
 0001:0002af72       __imp_load_?deallocate@NamedAllocator@shdfnd@physx@@QEAAXPEAX@Z 000000018002bf72 f   PhysXFoundation_64:PhysXFoundation_64.dll
 0001:0002af7e       ?deallocate@NamedAllocator@shdfnd@physx@@QEAAXPEAX@Z 000000018002bf7e f   PhysXFoundation_64:PhysXFoundation_64.dll
 0001:0002af84       __imp_load_?incRefCount@Foundation@shdfnd@physx@@SAXXZ 000000018002bf84 f   PhysXFoundation_64:PhysXFoundation_64.dll
 0001:0002af90       ?incRefCount@Foundation@shdfnd@physx@@SAXXZ 000000018002bf90 f   PhysXFoundation_64:PhysXFoundation_64.dll
 0001:0002af96       __imp_load_?decRefCount@Foundation@shdfnd@physx@@SAXXZ 000000018002bf96 f   PhysXFoundation_64:PhysXFoundation_64.dll
 0001:0002afa2       ?decRefCount@Foundation@shdfnd@physx@@SAXXZ 000000018002bfa2 f   PhysXFoundation_64:PhysXFoundation_64.dll
 0001:0002afa8       __imp_load_??0FPUGuard@shdfnd@physx@@QEAA@XZ 000000018002bfa8 f   PhysXFoundation_64:PhysXFoundation_64.dll
 0001:0002afb4       ??0FPUGuard@shdfnd@physx@@QEAA@XZ 000000018002bfb4 f   PhysXFoundation_64:PhysXFoundation_64.dll
 0001:0002afba       __imp_load_??1FPUGuard@shdfnd@physx@@QEAA@XZ 000000018002bfba f   PhysXFoundation_64:PhysXFoundation_64.dll
 0001:0002afc6       ??1FPUGuard@shdfnd@physx@@QEAA@XZ 000000018002bfc6 f   PhysXFoundation_64:PhysXFoundation_64.dll
 0001:0002afcc       __imp_load_??1NamedAllocator@shdfnd@physx@@QEAA@XZ 000000018002bfcc f   PhysXFoundation_64:PhysXFoundation_64.dll
 0001:0002afd8       ??1NamedAllocator@shdfnd@physx@@QEAA@XZ 000000018002bfd8 f   PhysXFoundation_64:PhysXFoundation_64.dll
 0001:0002afde       __imp_load_??0NamedAllocator@shdfnd@physx@@QEAA@AEBV012@@Z 000000018002bfde f   PhysXFoundation_64:PhysXFoundation_64.dll
 0001:0002afea       ??0NamedAllocator@shdfnd@physx@@QEAA@AEBV012@@Z 000000018002bfea f   PhysXFoundation_64:PhysXFoundation_64.dll
 0001:0002aff0       __imp_load_?allocate@TempAllocator@shdfnd@physx@@QEAAPEAX_KPEBDH@Z 000000018002bff0 f   PhysXFoundation_64:PhysXFoundation_64.dll
 0001:0002affc       ?allocate@TempAllocator@shdfnd@physx@@QEAAPEAX_KPEBDH@Z 000000018002bffc f   PhysXFoundation_64:PhysXFoundation_64.dll
 0001:0002b002       __imp_load_?deallocate@TempAllocator@shdfnd@physx@@QEAAXPEAX@Z 000000018002c002 f   PhysXFoundation_64:PhysXFoundation_64.dll
 0001:0002b00e       ?deallocate@TempAllocator@shdfnd@physx@@QEAAXPEAX@Z 000000018002c00e f   PhysXFoundation_64:PhysXFoundation_64.dll
 0001:0002b014       __imp_load_?PxDiagonalize@physx@@YA?AVPxVec3@1@AEBVPxMat33@1@AEAVPxQuat@1@@Z 000000018002c014 f   PhysXFoundation_64:PhysXFoundation_64.dll
 0001:0002b020       ?PxDiagonalize@physx@@YA?AVPxVec3@1@AEBVPxMat33@1@AEAVPxQuat@1@@Z 000000018002c020 f   PhysXFoundation_64:PhysXFoundation_64.dll
 0001:0002b026       LoadLibraryA               000000018002c026 f   kernel32:KERNEL32.dll
 0001:0002b02c       ??$PFromRva@PEAP6A_JXZ@@YAPEAP6A_JXZK@Z 000000018002c02c f i Delayimp:delayhlp.obj
 0001:0002b03c       ??$PFromRva@PEAPEAUHINSTANCE__@@@@YAPEAPEAUHINSTANCE__@@K@Z 000000018002c03c f i Delayimp:delayhlp.obj
 0001:0002b04c       ??$PFromRva@PEAU_IMAGE_IMPORT_BY_NAME@@@@YAPEAU_IMAGE_IMPORT_BY_NAME@@K@Z 000000018002c04c f i Delayimp:delayhlp.obj
 0001:0002b05c       ??$PFromRva@PEAU_IMAGE_THUNK_DATA64@@@@YAPEAU_IMAGE_THUNK_DATA64@@K@Z 000000018002c05c f i Delayimp:delayhlp.obj
 0001:0002b06c       ??$PFromRva@PEBD@@YAPEBDK@Z 000000018002c06c f i Delayimp:delayhlp.obj
 0001:0002b07c       ??$PFromRva@PEBUImgDelayDescr@@@@YAPEBUImgDelayDescr@@K@Z 000000018002c07c f i Delayimp:delayhlp.obj
 0001:0002b08c       ??$PFromRva@PEBU_IMAGE_THUNK_DATA64@@@@YAPEBU_IMAGE_THUNK_DATA64@@K@Z 000000018002c08c f i Delayimp:delayhlp.obj
 0001:0002b09c       ?CountOfImports@@YAIPEBU_IMAGE_THUNK_DATA64@@@Z 000000018002c09c f i Delayimp:delayhlp.obj
 0001:0002b0b0       ?DloadAcquireSectionWriteAccess@@YAXXZ 000000018002c0b0 f i Delayimp:delayhlp.obj
 0001:0002b15c       ?DloadGetSRWLockFunctionPointers@@YAEXZ 000000018002c15c f i Delayimp:delayhlp.obj
 0001:0002b1f8       ?DloadLock@@YAXXZ          000000018002c1f8 f i Delayimp:delayhlp.obj
 0001:0002b240       ?DloadMakePermanentImageCommit@@YAXPEAX_K@Z 000000018002c240 f i Delayimp:delayhlp.obj
 0001:0002b2d8       ?DloadObtainSection@@YAPEAXPEAK0@Z 000000018002c2d8 f i Delayimp:delayhlp.obj
 0001:0002b374       ?DloadProtectSection@@YAXKPEAK@Z 000000018002c374 f i Delayimp:delayhlp.obj
 0001:0002b404       ?DloadReleaseSectionWriteAccess@@YAXXZ 000000018002c404 f i Delayimp:delayhlp.obj
 0001:0002b498       ?DloadUnlock@@YAXXZ        000000018002c498 f i Delayimp:delayhlp.obj
 0001:0002b4d8       ?IndexFromPImgThunkData@@YAIPEBU_IMAGE_THUNK_DATA64@@0@Z 000000018002c4d8 f i Delayimp:delayhlp.obj
 0001:0002b620       HRESULT_FROM_WIN32         000000018002c620 f i Delayimp:delayhlp.obj
 0001:0002b630       ReadAcquire64              000000018002c630 f i Delayimp:delayhlp.obj
 0001:0002b634       ReadPointerAcquire         000000018002c634 f i Delayimp:delayhlp.obj
 0001:0002b638       WritePointerRelease        000000018002c638 f i Delayimp:delayhlp.obj
 0001:0002b63c       WriteRelease64             000000018002c63c f i Delayimp:delayhlp.obj
 0001:0002b640       __FUnloadDelayLoadedDLL2   000000018002c640 f   Delayimp:delayhlp.obj
 0001:0002b6fc       __HrLoadAllImportsForDll   000000018002c6fc f   Delayimp:delayhlp.obj
 0001:0002b770       __delayLoadHelper2         000000018002c770 f   Delayimp:delayhlp.obj
 0001:0002ba48       ??3@YAXPEAX_K@Z            000000018002ca48 f   MSVCRT:delete_scalar_size.obj
 0001:0002ba50       ??_V@YAXPEAX_K@Z           000000018002ca50 f   MSVCRT:delete_array_size.obj
[...]
 0004:00001bfc       $pdata$?doPostAdjacentMerge@QuickHull@local@@IEAA_NAEAUQuickHullFace@2@M@Z 000000018003bbfc     QuickHullConvexHullLib.obj
 0004:00001c08       $pdata$0$?doPostAdjacentMerge@QuickHull@local@@IEAA_NAEAUQuickHullFace@2@M@Z 000000018003bc08     QuickHullConvexHullLib.obj
 0004:00001c14       $pdata$1$?doPostAdjacentMerge@QuickHull@local@@IEAA_NAEAUQuickHullFace@2@M@Z 000000018003bc14     QuickHullConvexHullLib.obj
 0004:00001c20       $pdata$?deleteFacePoints@QuickHull@local@@IEAAXAEAUQuickHullFace@2@PEAU32@@Z 000000018003bc20     QuickHullConvexHullLib.obj
 0004:00001c2c       $pdata$0$?deleteFacePoints@QuickHull@local@@IEAAXAEAUQuickHullFace@2@PEAU32@@Z 000000018003bc2c     QuickHullConvexHullLib.obj
 0004:00001c38       $pdata$1$?deleteFacePoints@QuickHull@local@@IEAAXAEAUQuickHullFace@2@PEAU32@@Z 000000018003bc38     QuickHullConvexHullLib.obj
 0004:00001c44       $pdata$?resolveUnclaimedPoints@QuickHull@local@@IEAAXAEBV?$Array@PEAUQuickHullFace@local@@VNamedAllocator@shdfnd@physx@@@shdfnd@physx@@@Z 000000018003bc44     QuickHullConvexHullLib.obj
 0004:00001c50       $pdata$1$?resolveUnclaimedPoints@QuickHull@local@@IEAAXAEBV?$Array@PEAUQuickHullFace@local@@VNamedAllocator@shdfnd@physx@@@shdfnd@physx@@@Z 000000018003bc50     QuickHullConvexHullLib.obj
 0004:00001c5c       $pdata$2$?resolveUnclaimedPoints@QuickHull@local@@IEAAXAEBV?$Array@PEAUQuickHullFace@local@@VNamedAllocator@shdfnd@physx@@@shdfnd@physx@@@Z 000000018003bc5c     QuickHullConvexHullLib.obj
 0004:00001c68       $pdata$?postMergeHull@QuickHull@local@@IEAAXXZ 000000018003bc68     QuickHullConvexHullLib.obj
 0004:00001c74       $pdata$2$?postMergeHull@QuickHull@local@@IEAAXXZ 000000018003bc74     QuickHullConvexHullLib.obj
 0004:00001c80       $pdata$3$?postMergeHull@QuickHull@local@@IEAAXXZ 000000018003bc80     QuickHullConvexHullLib.obj
 0004:00001c8c       $pdata$4$?postMergeHull@QuickHull@local@@IEAAXXZ 000000018003bc8c     QuickHullConvexHullLib.obj
 0004:00001c98       $pdata$?canMergeFaces@QuickHull@local@@IEAA_NAEBUQuickHullHalfEdge@2@@Z 000000018003bc98     QuickHullConvexHullLib.obj
 0004:00001ca4       $pdata$?getExpandPoint@local@@YAXAEBUQuickHullHalfEdge@1@AEAUExpandPoint@1@PEBV?$Array@IVNamedAllocator@shdfnd@physx@@@shdfnd@physx@@@Z 000000018003bca4     QuickHullConvexHullLib.obj
 0004:00001cb0       $pdata$??1?$MemBlock@UQuickHullFace@local@@$00@local@@QEAA@XZ 000000018003bcb0     QuickHullConvexHullLib.obj
 0004:00001cbc       $pdata$0$??1?$MemBlock@UQuickHullFace@local@@$00@local@@QEAA@XZ 000000018003bcbc     QuickHullConvexHullLib.obj
 0004:00001cc8       $pdata$1$??1?$MemBlock@UQuickHullFace@local@@$00@local@@QEAA@XZ 000000018003bcc8     QuickHullConvexHullLib.obj
 0004:00001cd4       $pdata$2$??1?$MemBlock@UQuickHullFace@local@@$00@local@@QEAA@XZ 000000018003bcd4     QuickHullConvexHullLib.obj
 0004:00001ce0       $pdata$3$??1?$MemBlock@UQuickHullFace@local@@$00@local@@QEAA@XZ 000000018003bce0     QuickHullConvexHullLib.obj
 0004:00001cec       $pdata$??1?$MemBlock@UQuickHullHalfEdge@local@@$0A@@local@@QEAA@XZ 000000018003bcec     QuickHullConvexHullLib.obj
 0004:00001cf8       $pdata$0$??1?$MemBlock@UQuickHullHalfEdge@local@@$0A@@local@@QEAA@XZ 000000018003bcf8     QuickHullConvexHullLib.obj
 0004:00001d04       $pdata$1$??1?$MemBlock@UQuickHullHalfEdge@local@@$0A@@local@@QEAA@XZ 000000018003bd04     QuickHullConvexHullLib.obj
 0004:00001d10       $pdata$2$??1?$MemBlock@UQuickHullHalfEdge@local@@$0A@@local@@QEAA@XZ 000000018003bd10     QuickHullConvexHullLib.obj
 0004:00001d1c       $pdata$3$??1?$MemBlock@UQuickHullHalfEdge@local@@$0A@@local@@QEAA@XZ 000000018003bd1c     QuickHullConvexHullLib.obj
 0004:00001d28       $pdata$??_GConvexHull@physx@@QEAAPEAXI@Z 000000018003bd28     QuickHullConvexHullLib.obj
 0004:00001d34       $pdata$??_GQuickHull@local@@QEAAPEAXI@Z 000000018003bd34     QuickHullConvexHullLib.obj
 0004:00001d40       $pdata$??_GQuickHullConvexHullLib@physx@@UEAAPEAXI@Z 000000018003bd40     QuickHullConvexHullLib.obj
 0004:00001d4c       $pdata$??__G@YAXPEAX0_K1P6APEAX00@Z@Z 000000018003bd4c     QuickHullConvexHullLib.obj
 0004:00001d58       $pdata$0$??__G@YAXPEAX0_K1P6APEAX00@Z@Z 000000018003bd58     QuickHullConvexHullLib.obj
 0004:00001d64       $pdata$1$??__G@YAXPEAX0_K1P6APEAX00@Z@Z 000000018003bd64     QuickHullConvexHullLib.obj
 0004:00001d70       $pdata$?getFreeItem@?$MemBlock@UQuickHullFace@local@@$00@local@@QEAAPEAUQuickHullFace@2@XZ 000000018003bd70     QuickHullConvexHullLib.obj
 0004:00001d7c       $pdata$?getFreeItem@?$MemBlock@UQuickHullHalfEdge@local@@$0A@@local@@QEAAPEAUQuickHullHalfEdge@2@XZ 000000018003bd7c     QuickHullConvexHullLib.obj
 0004:00001d88       $pdata$?growAndPushBack@?$Array@PEAUQuickHullFace@local@@VNamedAllocator@shdfnd@physx@@@shdfnd@physx@@IEAAAEAPEAUQuickHullFace@local@@AEBQEAU45@@Z 000000018003bd88     QuickHullConvexHullLib.obj
 0004:00001d94       $pdata$0$?growAndPushBack@?$Array@PEAUQuickHullFace@local@@VNamedAllocator@shdfnd@physx@@@shdfnd@physx@@IEAAAEAPEAUQuickHullFace@local@@AEBQEAU45@@Z 000000018003bd94     QuickHullConvexHullLib.obj
 0004:00001da0       $pdata$1$?growAndPushBack@?$Array@PEAUQuickHullFace@local@@VNamedAllocator@shdfnd@physx@@@shdfnd@physx@@IEAAAEAPEAUQuickHullFace@local@@AEBQEAU45@@Z 000000018003bda0     QuickHullConvexHullLib.obj
 0004:00001dac       $pdata$2$?growAndPushBack@?$Array@PEAUQuickHullFace@local@@VNamedAllocator@shdfnd@physx@@@shdfnd@physx@@IEAAAEAPEAUQuickHullFace@local@@AEBQEAU45@@Z 000000018003bdac     QuickHullConvexHullLib.obj
 0004:00001db8       $pdata$3$?growAndPushBack@?$Array@PEAUQuickHullFace@local@@VNamedAllocator@shdfnd@physx@@@shdfnd@physx@@IEAAAEAPEAUQuickHullFace@local@@AEBQEAU45@@Z 000000018003bdb8     QuickHullConvexHullLib.obj
 0004:00001dc4       $pdata$?growAndPushBack@?$Array@PEAUQuickHullHalfEdge@local@@VNamedAllocator@shdfnd@physx@@@shdfnd@physx@@IEAAAEAPEAUQuickHullHalfEdge@local@@AEBQEAU45@@Z 000000018003bdc4     QuickHullConvexHullLib.obj
 0004:00001dd0       $pdata$0$?growAndPushBack@?$Array@PEAUQuickHullHalfEdge@local@@VNamedAllocator@shdfnd@physx@@@shdfnd@physx@@IEAAAEAPEAUQuickHullHalfEdge@local@@AEBQEAU45@@Z 000000018003bdd0     QuickHullConvexHullLib.obj
 0004:00001ddc       $pdata$1$?growAndPushBack@?$Array@PEAUQuickHullHalfEdge@local@@VNamedAllocator@shdfnd@physx@@@shdfnd@physx@@IEAAAEAPEAUQuickHullHalfEdge@local@@AEBQEAU45@@Z 000000018003bddc     QuickHullConvexHullLib.obj
 0004:00001de8       $pdata$2$?growAndPushBack@?$Array@PEAUQuickHullHalfEdge@local@@VNamedAllocator@shdfnd@physx@@@shdfnd@physx@@IEAAAEAPEAUQuickHullHalfEdge@local@@AEBQEAU45@@Z 000000018003bde8     QuickHullConvexHullLib.obj
 0004:00001df4       $pdata$3$?growAndPushBack@?$Array@PEAUQuickHullHalfEdge@local@@VNamedAllocator@shdfnd@physx@@@shdfnd@physx@@IEAAAEAPEAUQuickHullHalfEdge@local@@AEBQEAU45@@Z 000000018003bdf4     QuickHullConvexHullLib.obj
 0004:00001e00       $pdata$?growAndPushBack@?$Array@PEAUQuickHullVertex@local@@VNamedAllocator@shdfnd@physx@@@shdfnd@physx@@IEAAAEAPEAUQuickHullVertex@local@@AEBQEAU45@@Z 000000018003be00     QuickHullConvexHullLib.obj
 0004:00001e0c       $pdata$0$?growAndPushBack@?$Array@PEAUQuickHullVertex@local@@VNamedAllocator@shdfnd@physx@@@shdfnd@physx@@IEAAAEAPEAUQuickHullVertex@local@@AEBQEAU45@@Z 000000018003be0c     QuickHullConvexHullLib.obj
 0004:00001e18       $pdata$1$?growAndPushBack@?$Array@PEAUQuickHullVertex@local@@VNamedAllocator@shdfnd@physx@@@shdfnd@physx@@IEAAAEAPEAUQuickHullVertex@local@@AEBQEAU45@@Z 000000018003be18     QuickHullConvexHullLib.obj
 0004:00001e24       $pdata$2$?growAndPushBack@?$Array@PEAUQuickHullVertex@local@@VNamedAllocator@shdfnd@physx@@@shdfnd@physx@@IEAAAEAPEAUQuickHullVertex@local@@AEBQEAU45@@Z 000000018003be24     QuickHullConvexHullLib.obj
 0004:00001e30       $pdata$3$?growAndPushBack@?$Array@PEAUQuickHullVertex@local@@VNamedAllocator@shdfnd@physx@@@shdfnd@physx@@IEAAAEAPEAUQuickHullVertex@local@@AEBQEAU45@@Z 000000018003be30     QuickHullConvexHullLib.obj
 0004:00001e3c       $pdata$?growAndPushBack@?$Array@UExpandPoint@local@@VNamedAllocator@shdfnd@physx@@@shdfnd@physx@@IEAAAEAUExpandPoint@local@@AEBU45@@Z 000000018003be3c     QuickHullConvexHullLib.obj
 0004:00001e48       $pdata$0$?growAndPushBack@?$Array@UExpandPoint@local@@VNamedAllocator@shdfnd@physx@@@shdfnd@physx@@IEAAAEAUExpandPoint@local@@AEBU45@@Z 000000018003be48     QuickHullConvexHullLib.obj
 0004:00001e54       $pdata$1$?growAndPushBack@?$Array@UExpandPoint@local@@VNamedAllocator@shdfnd@physx@@@shdfnd@physx@@IEAAAEAUExpandPoint@local@@AEBU45@@Z 000000018003be54     QuickHullConvexHullLib.obj
 0004:00001e60       $pdata$2$?growAndPushBack@?$Array@UExpandPoint@local@@VNamedAllocator@shdfnd@physx@@@shdfnd@physx@@IEAAAEAUExpandPoint@local@@AEBU45@@Z 000000018003be60     QuickHullConvexHullLib.obj
 0004:00001e6c       $pdata$3$?growAndPushBack@?$Array@UExpandPoint@local@@VNamedAllocator@shdfnd@physx@@@shdfnd@physx@@IEAAAEAUExpandPoint@local@@AEBU45@@Z 000000018003be6c     QuickHullConvexHullLib.obj
 0004:00001e78       $pdata$?init@?$MemBlock@UQuickHullFace@local@@$00@local@@QEAAXI@Z 000000018003be78     QuickHullConvexHullLib.obj
 0004:00001e84       $pdata$?init@?$MemBlock@UQuickHullHalfEdge@local@@$0A@@local@@QEAAXI@Z 000000018003be84     QuickHullConvexHullLib.obj
 0004:00001e90       $pdata$?recreate@?$Array@PEAUQuickHullFace@local@@VNamedAllocator@shdfnd@physx@@@shdfnd@physx@@IEAAXI@Z 000000018003be90     QuickHullConvexHullLib.obj
 0004:00001e9c       $pdata$0$?recreate@?$Array@PEAUQuickHullFace@local@@VNamedAllocator@shdfnd@physx@@@shdfnd@physx@@IEAAXI@Z 000000018003be9c     QuickHullConvexHullLib.obj
 0004:00001ea8       $pdata$1$?recreate@?$Array@PEAUQuickHullFace@local@@VNamedAllocator@shdfnd@physx@@@shdfnd@physx@@IEAAXI@Z 000000018003bea8     QuickHullConvexHullLib.obj
 0004:00001eb4       $pdata$?recreate@?$Array@PEAUQuickHullHalfEdge@local@@VNamedAllocator@shdfnd@physx@@@shdfnd@physx@@IEAAXI@Z 000000018003beb4     QuickHullConvexHullLib.obj
 0004:00001ec0       $pdata$0$?recreate@?$Array@PEAUQuickHullHalfEdge@local@@VNamedAllocator@shdfnd@physx@@@shdfnd@physx@@IEAAXI@Z 000000018003bec0     QuickHullConvexHullLib.obj
 0004:00001ecc       $pdata$1$?recreate@?$Array@PEAUQuickHullHalfEdge@local@@VNamedAllocator@shdfnd@physx@@@shdfnd@physx@@IEAAXI@Z 000000018003becc     QuickHullConvexHullLib.obj
 0004:00001ed8       $pdata$?recreate@?$Array@PEAUQuickHullVertex@local@@VNamedAllocator@shdfnd@physx@@@shdfnd@physx@@IEAAXI@Z 000000018003bed8     QuickHullConvexHullLib.obj
 0004:00001ee4       $pdata$0$?recreate@?$Array@PEAUQuickHullVertex@local@@VNamedAllocator@shdfnd@physx@@@shdfnd@physx@@IEAAXI@Z 000000018003bee4     QuickHullConvexHullLib.obj
 0004:00001ef0       $pdata$1$?recreate@?$Array@PEAUQuickHullVertex@local@@VNamedAllocator@shdfnd@physx@@@shdfnd@physx@@IEAAXI@Z 000000018003bef0     QuickHullConvexHullLib.obj
 0004:00001efc       $pdata$?recreate@?$Array@UExpandPoint@local@@VNamedAllocator@shdfnd@physx@@@shdfnd@physx@@IEAAXI@Z 000000018003befc     QuickHullConvexHullLib.obj
 0004:00001f08       $pdata$0$?recreate@?$Array@UExpandPoint@local@@VNamedAllocator@shdfnd@physx@@@shdfnd@physx@@IEAAXI@Z 000000018003bf08     QuickHullConvexHullLib.obj
 0004:00001f14       $pdata$1$?recreate@?$Array@UExpandPoint@local@@VNamedAllocator@shdfnd@physx@@@shdfnd@physx@@IEAAXI@Z 000000018003bf14     QuickHullConvexHullLib.obj
 0004:00001f20       $pdata$?computeVolumeIntegrals@physx@@YA_NAEBVPxSimpleTriangleMesh@1@MAEAUPxIntegrals@1@@Z 000000018003bf20     VolumeIntegration.obj
 0004:00001f2c       $pdata$?computeVolumeIntegralsEberly@physx@@YA_NAEBVPxConvexMeshDesc@1@MAEAUPxIntegrals@1@AEBVPxVec3@1@@Z 000000018003bf2c     VolumeIntegration.obj
 0004:00001f38       $pdata$?computeVolumeIntegralsEberlySIMD@physx@@YA_NAEBVPxConvexMeshDesc@1@MAEAUPxIntegrals@1@AEBVPxVec3@1@@Z 000000018003bf38     VolumeIntegration.obj
 0004:00001f44       $pdata$?computeFaceIntegrals@VolumeIntegrator@?A0x95c40914@physx@@AEAAXAEBUFace@123@@Z 000000018003bf44     VolumeIntegration.obj
 0004:00001f50       $pdata$?computeProjectionIntegrals@VolumeIntegrator@?A0x95c40914@physx@@AEAAXAEBUFace@123@@Z 000000018003bf50     VolumeIntegration.obj
 0004:00001f5c       $pdata$?computeVolumeIntegrals@VolumeIntegrator@?A0x95c40914@physx@@QEAA_NAEAUPxIntegrals@3@@Z 000000018003bf5c     VolumeIntegration.obj
 0004:00001f68       $pdata$?computeVolumeIntegrals@VolumeIntegratorEberly@?A0x95c40914@physx@@QEAA_NAEAUPxIntegrals@3@AEBVPxVec3@3@@Z 000000018003bf68     VolumeIntegration.obj
 0004:00001f74       $pdata$0$?computeVolumeIntegrals@VolumeIntegratorEberly@?A0x95c40914@physx@@QEAA_NAEAUPxIntegrals@3@AEBVPxVec3@3@@Z 000000018003bf74     VolumeIntegration.obj
 0004:00001f80       $pdata$4$?computeVolumeIntegrals@VolumeIntegratorEberly@?A0x95c40914@physx@@QEAA_NAEAUPxIntegrals@3@AEBVPxVec3@3@@Z 000000018003bf80     VolumeIntegration.obj
 0004:00001f8c       $pdata$5$?computeVolumeIntegrals@VolumeIntegratorEberly@?A0x95c40914@physx@@QEAA_NAEAUPxIntegrals@3@AEBVPxVec3@3@@Z 000000018003bf8c     VolumeIntegration.obj
 0004:00001f98       $pdata$6$?computeVolumeIntegrals@VolumeIntegratorEberly@?A0x95c40914@physx@@QEAA_NAEAUPxIntegrals@3@AEBVPxVec3@3@@Z 000000018003bf98     VolumeIntegration.obj
 0004:00001fa4       $pdata$?computeVolumeIntegralsSIMD@VolumeIntegratorEberly@?A0x95c40914@physx@@QEAA_NAEAUPxIntegrals@3@AEBVPxVec3@3@@Z 000000018003bfa4     VolumeIntegration.obj
 0004:00001fb0       $pdata$0$?computeVolumeIntegralsSIMD@VolumeIntegratorEberly@?A0x95c40914@physx@@QEAA_NAEAUPxIntegrals@3@AEBVPxVec3@3@@Z 000000018003bfb0     VolumeIntegration.obj
 0004:00001fbc       $pdata$1$?computeVolumeIntegralsSIMD@VolumeIntegratorEberly@?A0x95c40914@physx@@QEAA_NAEAUPxIntegrals@3@AEBVPxVec3@3@@Z 000000018003bfbc     VolumeIntegration.obj
 0004:00001fc8       $pdata$?cookingDelayHook@@YAP6A_JXZIPEAUDelayLoadInfo@@@Z 000000018003bfc8     WindowsCookingDelayLoadHook.obj
 0004:00001fd4       $pdata$1$?cookingDelayHook@@YAP6A_JXZIPEAUDelayLoadInfo@@@Z 000000018003bfd4     WindowsCookingDelayLoadHook.obj
 0004:00001fe0       $pdata$3$?cookingDelayHook@@YAP6A_JXZIPEAUDelayLoadInfo@@@Z 000000018003bfe0     WindowsCookingDelayLoadHook.obj
 0004:00001fec       $pdata$5$?cookingDelayHook@@YAP6A_JXZIPEAUDelayLoadInfo@@@Z 000000018003bfec     WindowsCookingDelayLoadHook.obj
 0004:00001ff8       $pdata$6$?cookingDelayHook@@YAP6A_JXZIPEAUDelayLoadInfo@@@Z 000000018003bff8     WindowsCookingDelayLoadHook.obj
 0004:0000201c       $pdata$?DloadAcquireSectionWriteAccess@@YAXXZ 000000018003c01c     Delayimp:delayhlp.obj
 0004:00002028       $pdata$?DloadGetSRWLockFunctionPointers@@YAEXZ 000000018003c028     Delayimp:delayhlp.obj
 0004:00002034       $pdata$?DloadLock@@YAXXZ   000000018003c034     Delayimp:delayhlp.obj
 0004:00002040       $pdata$?DloadMakePermanentImageCommit@@YAXPEAX_K@Z 000000018003c040     Delayimp:delayhlp.obj
 0004:0000204c       $pdata$?DloadObtainSection@@YAPEAXPEAK0@Z 000000018003c04c     Delayimp:delayhlp.obj
 0004:00002058       $pdata$?DloadProtectSection@@YAXKPEAK@Z 000000018003c058     Delayimp:delayhlp.obj
 0004:00002064       $pdata$?DloadReleaseSectionWriteAccess@@YAXXZ 000000018003c064     Delayimp:delayhlp.obj
 0004:00002070       $pdata$?DloadUnlock@@YAXXZ 000000018003c070     Delayimp:delayhlp.obj
 0004:0000207c       $pdata$?PiddFromDllName@@YAPEBUImgDelayDescr@@PEBD@Z 000000018003c07c     Delayimp:delayhlp.obj
 0004:00002088       $pdata$__FUnloadDelayLoadedDLL2 000000018003c088     Delayimp:delayhlp.obj
 0004:00002094       $pdata$__HrLoadAllImportsForDll 000000018003c094     Delayimp:delayhlp.obj
 0004:000020a0       $pdata$__delayLoadHelper2  000000018003c0a0     Delayimp:delayhlp.obj
 0004:000020ac       $pdata$??_Gtype_info@@UEAAPEAXI@Z 000000018003c0ac     MSVCRT:std_type_info_static.obj
 0004:000020c4       $pdata$?dllmain_crt_dispatch@@YAHQEAUHINSTANCE__@@KQEAX@Z 000000018003c0c4     MSVCRT:dll_dllmain.obj
 0004:000020d0       $pdata$?dllmain_crt_process_attach@@YAHQEAUHINSTANCE__@@QEAX@Z 000000018003c0d0     MSVCRT:dll_dllmain.obj
 0004:000020dc       $pdata$?dllmain_crt_process_detach@@YAH_N@Z 000000018003c0dc     MSVCRT:dll_dllmain.obj
 0004:000020e8       $pdata$?dllmain_dispatch@@YAHQEAUHINSTANCE__@@KQEAX@Z 000000018003c0e8     MSVCRT:dll_dllmain.obj
 0004:000020f4       $pdata$_DllMainCRTStartup  000000018003c0f4     MSVCRT:dll_dllmain.obj
 0004:00002100       $pdata$__isa_available_init 000000018003c100     MSVCRT:cpu_disp.obj
 0004:00002124       $pdata$__get_entropy       000000018003c124     MSVCRT:gs_support.obj
 0004:00002130       $pdata$__security_init_cookie 000000018003c130     MSVCRT:gs_support.obj
 0004:0000213c       $pdata$DllMain             000000018003c13c     MSVCRT:dll_dllmain_stub.obj
 0004:00002148       $pdata$__scrt_initialize_default_local_stdio_options 000000018003c148     MSVCRT:default_local_stdio_options.obj
 0004:00002154       $pdata$?configure_argv@__scrt_narrow_argv_policy@@SAHXZ 000000018003c154     MSVCRT:utility.obj
 0004:00002160       $pdata$__scrt_acquire_startup_lock 000000018003c160     MSVCRT:utility.obj
 0004:0000216c       $pdata$__scrt_dllmain_after_initialize_c 000000018003c16c     MSVCRT:utility.obj
 0004:00002178       $pdata$__scrt_dllmain_before_initialize_c 000000018003c178     MSVCRT:utility.obj
 0004:00002184       $pdata$__scrt_dllmain_crt_thread_attach 000000018003c184     MSVCRT:utility.obj
 0004:00002190       $pdata$__scrt_dllmain_crt_thread_detach 000000018003c190     MSVCRT:utility.obj
 0004:0000219c       $pdata$__scrt_dllmain_exception_filter 000000018003c19c     MSVCRT:utility.obj
 0004:000021a8       $pdata$__scrt_dllmain_uninitialize_c 000000018003c1a8     MSVCRT:utility.obj
 0004:000021b4       $pdata$__scrt_dllmain_uninitialize_critical 000000018003c1b4     MSVCRT:utility.obj
 0004:000021c0       $pdata$__scrt_initialize_crt 000000018003c1c0     MSVCRT:utility.obj
 0004:000021cc       $pdata$__scrt_initialize_onexit_tables 000000018003c1cc     MSVCRT:utility.obj
 0004:000021d8       $pdata$__scrt_is_nonwritable_in_current_image 000000018003c1d8     MSVCRT:utility.obj
 0004:000021e4       $pdata$__scrt_release_startup_lock 000000018003c1e4     MSVCRT:utility.obj
 0004:000021f0       $pdata$__scrt_uninitialize_crt 000000018003c1f0     MSVCRT:utility.obj
 0004:000021fc       $pdata$_onexit             000000018003c1fc     MSVCRT:utility.obj
 0004:00002208       $pdata$atexit              000000018003c208     MSVCRT:utility.obj
 0004:00002214       $pdata$__scrt_fastfail     000000018003c214     MSVCRT:utility_desktop.obj
 0004:00002220       $pdata$__scrt_get_show_window_mode 000000018003c220     MSVCRT:utility_desktop.obj
 0004:0000222c       $pdata$__scrt_is_managed_app 000000018003c22c     MSVCRT:utility_desktop.obj
 0004:00002238       $pdata$__scrt_unhandled_exception_filter 000000018003c238     MSVCRT:utility_desktop.obj
 0004:00002244       $pdata$_RTC_Initialize     000000018003c244     MSVCRT:initsect.obj
 0004:00002250       $pdata$_RTC_Terminate      000000018003c250     MSVCRT:initsect.obj
 0004:00002274       $pdata$?fin$0@?0??dllmain_crt_process_attach@@YAHQEAUHINSTANCE__@@QEAX@Z@4HA 000000018003c274     MSVCRT:dll_dllmain.obj
 0004:00002280       $pdata$?fin$0@?0??dllmain_crt_process_detach@@YAH_N@Z@4HA 000000018003c280     MSVCRT:dll_dllmain.obj
 0004:0000228c       $pdata$?filt$0@?0??dllmain_dispatch@@YAHQEAUHINSTANCE__@@KQEAX@Z@4HA 000000018003c28c     MSVCRT:dll_dllmain.obj
 0004:00002298       $pdata$__scrt_is_nonwritable_in_current_image$filt$0 000000018003c298     MSVCRT:utility.obj
 0005:00000000       _2il0floatpacket$19        000000018003d000     MSVCRT:svml_ssinf4_sse2.obj
 0005:00002200       _vmlsSinHATab              000000018003f200     MSVCRT:svml_s_sin_cout.obj
 0006:000000a0       $R000000                   00000001800400a0     PhysXCooking.res
 0006:000003d0       $R000330                   00000001800403d0     PhysXCooking.res
